Archive member included to satisfy reference by file (symbol)

.\CortexM0\ARM_GCC_541\Debug\CHIGASAKI_Utsushiomi_2020_kit.a(CapSense_CSD.o)
                              .\CortexM0\ARM_GCC_541\Debug\main.o (CapSense_CSD_Start)
.\CortexM0\ARM_GCC_541\Debug\CHIGASAKI_Utsushiomi_2020_kit.a(CapSense_CSD_CSHL.o)
                              .\CortexM0\ARM_GCC_541\Debug\CHIGASAKI_Utsushiomi_2020_kit.a(CapSense_CSD.o) (CapSense_CSD_rawDataIndex)
.\CortexM0\ARM_GCC_541\Debug\CHIGASAKI_Utsushiomi_2020_kit.a(CapSense_CSD_INT.o)
                              .\CortexM0\ARM_GCC_541\Debug\CHIGASAKI_Utsushiomi_2020_kit.a(CapSense_CSD.o) (CapSense_CSD_ISR)
.\CortexM0\ARM_GCC_541\Debug\CHIGASAKI_Utsushiomi_2020_kit.a(CapSense_CSD_SMS.o)
                              .\CortexM0\ARM_GCC_541\Debug\CHIGASAKI_Utsushiomi_2020_kit.a(CapSense_CSD_CSHL.o) (CapSense_CSD_config)
.\CortexM0\ARM_GCC_541\Debug\CHIGASAKI_Utsushiomi_2020_kit.a(LED_CONTROL.o)
                              .\CortexM0\ARM_GCC_541\Debug\main.o (LED_CONTROL_WriteCompare)
.\CortexM0\ARM_GCC_541\Debug\CHIGASAKI_Utsushiomi_2020_kit.a(CapSense_CSD_SampleClk.o)
                              .\CortexM0\ARM_GCC_541\Debug\CHIGASAKI_Utsushiomi_2020_kit.a(CapSense_CSD.o) (CapSense_CSD_SampleClk_Start)
.\CortexM0\ARM_GCC_541\Debug\CHIGASAKI_Utsushiomi_2020_kit.a(CapSense_CSD_SenseClk.o)
                              .\CortexM0\ARM_GCC_541\Debug\CHIGASAKI_Utsushiomi_2020_kit.a(CapSense_CSD.o) (CapSense_CSD_SenseClk_Start)
.\CortexM0\ARM_GCC_541\Debug\CHIGASAKI_Utsushiomi_2020_kit.a(CyLib.o)
                              .\CortexM0\ARM_GCC_541\Debug\cyfitter_cfg.o (CySysClkWriteImoFreq)
.\CortexM0\ARM_GCC_541\Debug\CHIGASAKI_Utsushiomi_2020_kit.a(Pin.o)
                              .\CortexM0\ARM_GCC_541\Debug\main.o (Pin_Read)
.\CortexM0\ARM_GCC_541\Debug\CHIGASAKI_Utsushiomi_2020_kit.a(UART_1.o)
                              .\CortexM0\ARM_GCC_541\Debug\main.o (UART_1_Start)
.\CortexM0\ARM_GCC_541\Debug\CHIGASAKI_Utsushiomi_2020_kit.a(UART_1_SPI_UART.o)
                              .\CortexM0\ARM_GCC_541\Debug\main.o (UART_1_SpiUartWriteTxData)
.\CortexM0\ARM_GCC_541\Debug\CHIGASAKI_Utsushiomi_2020_kit.a(UART_1_UART.o)
                              .\CortexM0\ARM_GCC_541\Debug\CHIGASAKI_Utsushiomi_2020_kit.a(UART_1.o) (UART_1_UartInit)
.\CortexM0\ARM_GCC_541\Debug\CHIGASAKI_Utsushiomi_2020_kit.a(CyBootAsmGnu.o)
                              .\CortexM0\ARM_GCC_541\Debug\CHIGASAKI_Utsushiomi_2020_kit.a(CapSense_CSD.o) (CyDelayCycles)
C:\Program Files (x86)\Cypress\PSoC Creator\4.3\PSoC Creator\psoc\content\CyComponentLibrary\CyComponentLibrary.cylib\CapSense_CSD_P4_v2_60\PSoC4\Library\CapsenseP4Library_GCC.a(CSD_P4_SmartSense_v2_60.o)
                              .\CortexM0\ARM_GCC_541\Debug\CHIGASAKI_Utsushiomi_2020_kit.a(CapSense_CSD_SMS.o) (CalibrateSensors_P4_v2_60)
c:/program files (x86)/cypress/psoc creator/4.3/psoc creator/import/gnu/arm/5.4.1/bin/../lib/gcc/arm-none-eabi/5.4.1/armv6-m\libgcc.a(_udivsi3.o)
                              .\CortexM0\ARM_GCC_541\Debug\CHIGASAKI_Utsushiomi_2020_kit.a(CapSense_CSD_SMS.o) (__aeabi_uidiv)
c:/program files (x86)/cypress/psoc creator/4.3/psoc creator/import/gnu/arm/5.4.1/bin/../lib/gcc/arm-none-eabi/5.4.1/armv6-m\libgcc.a(_divsi3.o)
                              C:\Program Files (x86)\Cypress\PSoC Creator\4.3\PSoC Creator\psoc\content\CyComponentLibrary\CyComponentLibrary.cylib\CapSense_CSD_P4_v2_60\PSoC4\Library\CapsenseP4Library_GCC.a(CSD_P4_SmartSense_v2_60.o) (__aeabi_idiv)
c:/program files (x86)/cypress/psoc creator/4.3/psoc creator/import/gnu/arm/5.4.1/bin/../lib/gcc/arm-none-eabi/5.4.1/armv6-m\libgcc.a(_dvmd_tls.o)
                              c:/program files (x86)/cypress/psoc creator/4.3/psoc creator/import/gnu/arm/5.4.1/bin/../lib/gcc/arm-none-eabi/5.4.1/armv6-m\libgcc.a(_udivsi3.o) (__aeabi_idiv0)
c:/program files (x86)/cypress/psoc creator/4.3/psoc creator/import/gnu/arm/5.4.1/bin/../lib/gcc/arm-none-eabi/5.4.1/armv6-m\libgcc.a(_fixunsdfsi.o)
                              .\CortexM0\ARM_GCC_541\Debug\main.o (__aeabi_d2uiz)
c:/program files (x86)/cypress/psoc creator/4.3/psoc creator/import/gnu/arm/5.4.1/bin/../lib/gcc/arm-none-eabi/5.4.1/armv6-m\libgcc.a(muldf3.o)
                              .\CortexM0\ARM_GCC_541\Debug\main.o (__aeabi_dmul)
c:/program files (x86)/cypress/psoc creator/4.3/psoc creator/import/gnu/arm/5.4.1/bin/../lib/gcc/arm-none-eabi/5.4.1/armv6-m\libgcc.a(subdf3.o)
                              c:/program files (x86)/cypress/psoc creator/4.3/psoc creator/import/gnu/arm/5.4.1/bin/../lib/gcc/arm-none-eabi/5.4.1/armv6-m\libgcc.a(_fixunsdfsi.o) (__aeabi_dsub)
c:/program files (x86)/cypress/psoc creator/4.3/psoc creator/import/gnu/arm/5.4.1/bin/../lib/gcc/arm-none-eabi/5.4.1/armv6-m\libgcc.a(fixdfsi.o)
                              c:/program files (x86)/cypress/psoc creator/4.3/psoc creator/import/gnu/arm/5.4.1/bin/../lib/gcc/arm-none-eabi/5.4.1/armv6-m\libgcc.a(_fixunsdfsi.o) (__aeabi_d2iz)
[...]
Memory Configuration

Name             Origin             Length             Attributes
rom              0x00000000         0x00008000         xr
ram              0x20000000         0x00001000         xrw
*default*        0x00000000         0xffffffff

Linker script and memory map

LOAD c:/program files (x86)/cypress/psoc creator/4.3/psoc creator/import/gnu/arm/5.4.1/bin/../lib/gcc/arm-none-eabi/5.4.1/armv6-m/crti.o
LOAD c:/program files (x86)/cypress/psoc creator/4.3/psoc creator/import/gnu/arm/5.4.1/bin/../lib/gcc/arm-none-eabi/5.4.1/armv6-m/crtbegin.o
LOAD c:/program files (x86)/cypress/psoc creator/4.3/psoc creator/import/gnu/arm/5.4.1/bin/../lib/gcc/arm-none-eabi/5.4.1/../../../../arm-none-eabi/lib/armv6-m/crt0.o
START GROUP
LOAD .\CortexM0\ARM_GCC_541\Debug\main.o
LOAD .\CortexM0\ARM_GCC_541\Debug\cyfitter_cfg.o
LOAD .\CortexM0\ARM_GCC_541\Debug\cymetadata.o
LOAD .\CortexM0\ARM_GCC_541\Debug\Cm0Start.o
LOAD .\CortexM0\ARM_GCC_541\Debug\CHIGASAKI_Utsushiomi_2020_kit.a
LOAD C:\Program Files (x86)\Cypress\PSoC Creator\4.3\PSoC Creator\psoc\content\CyComponentLibrary\CyComponentLibrary.cylib\CapSense_CSD_P4_v2_60\PSoC4\Library\CapsenseP4Library_GCC.a
END GROUP
START GROUP
LOAD c:/program files (x86)/cypress/psoc creator/4.3/psoc creator/import/gnu/arm/5.4.1/bin/../lib/gcc/arm-none-eabi/5.4.1/armv6-m\libgcc.a
LOAD c:/program files (x86)/cypress/psoc creator/4.3/psoc creator/import/gnu/arm/5.4.1/bin/../lib/gcc/arm-none-eabi/5.4.1/../../../../arm-none-eabi/lib/armv6-m\libg_nano.a
LOAD c:/program files (x86)/cypress/psoc creator/4.3/psoc creator/import/gnu/arm/5.4.1/bin/../lib/gcc/arm-none-eabi/5.4.1/../../../../arm-none-eabi/lib/armv6-m\libc_nano.a
END GROUP
START GROUP
LOAD c:/program files (x86)/cypress/psoc creator/4.3/psoc creator/import/gnu/arm/5.4.1/bin/../lib/gcc/arm-none-eabi/5.4.1/armv6-m\libgcc.a
LOAD c:/program files (x86)/cypress/psoc creator/4.3/psoc creator/import/gnu/arm/5.4.1/bin/../lib/gcc/arm-none-eabi/5.4.1/../../../../arm-none-eabi/lib/armv6-m\libc_nano.a
END GROUP
LOAD c:/program files (x86)/cypress/psoc creator/4.3/psoc creator/import/gnu/arm/5.4.1/bin/../lib/gcc/arm-none-eabi/5.4.1/armv6-m/crtend.o
LOAD c:/program files (x86)/cypress/psoc creator/4.3/psoc creator/import/gnu/arm/5.4.1/bin/../lib/gcc/arm-none-eabi/5.4.1/armv6-m/crtn.o
START GROUP
LOAD c:/program files (x86)/cypress/psoc creator/4.3/psoc creator/import/gnu/arm/5.4.1/bin/../lib/gcc/arm-none-eabi/5.4.1/armv6-m\libgcc.a
LOAD c:/program files (x86)/cypress/psoc creator/4.3/psoc creator/import/gnu/arm/5.4.1/bin/../lib/gcc/arm-none-eabi/5.4.1/../../../../arm-none-eabi/lib/armv6-m\libc.a
LOAD c:/program files (x86)/cypress/psoc creator/4.3/psoc creator/import/gnu/arm/5.4.1/bin/../lib/gcc/arm-none-eabi/5.4.1/../../../../arm-none-eabi/lib/armv6-m\libnosys.a
END GROUP
                0x00000000                CY_APPL_ORIGIN = 0x0
                0x00000080                CY_FLASH_ROW_SIZE = 0x80
                0x00000001                CY_APPL_NUM = 0x1
                0x00000001                CY_APPL_MAX = 0x1
                0x00000040                CY_METADATA_SIZE = 0x40
                0x00000000                CY_APPL_LOADABLE = 0x0
                0x00000000                CY_CHECKSUM_EXCLUDE_SIZE = ALIGN (0x0, CY_FLASH_ROW_SIZE)
                0x00000000                CY_APP_FOR_STACK_AND_COPIER = 0x0
                [!provide]                PROVIDE (__cy_heap_start, _end)
                0x00000001                PROVIDE (__cy_region_num, ((__cy_regions_end - __cy_regions) / 0x10))
                0x20001000                PROVIDE (__cy_stack, (ORIGIN (ram) + LENGTH (ram)))
                [!provide]                PROVIDE (__cy_heap_end, (__cy_stack - 0x400))

.cybootloader   0x00000000        0x0
 *(.cybootloader)
                0x00000000                appl1_start = CY_APPL_ORIGIN?CY_APPL_ORIGIN:ALIGN (CY_FLASH_ROW_SIZE)
                0x00003f80                appl2_start = (appl1_start + ALIGN ((((LENGTH (rom) - appl1_start) - (0x2 * CY_FLASH_ROW_SIZE)) / 0x2), CY_FLASH_ROW_SIZE))
                0x00000000                appl_start = (CY_APPL_NUM == 0x1)?appl1_start:appl2_start
                0x00000001                cy_project_type_bootloader = (appl_start == 0x0)?0x1:0x0
                0x00000000                cy_project_type_app_for_stack_and_copier = (CY_APP_FOR_STACK_AND_COPIER == 0x1)?0x1:0x0

.text           0x00000000     0x34d8
 CREATE_OBJECT_SYMBOLS
                0x00000000                PROVIDE (__cy_interrupt_vector, RomVectors)
 *(.romvectors)
 .romvectors    0x00000000       0x10 .\CortexM0\ARM_GCC_541\Debug\Cm0Start.o
                0x00000000                RomVectors
                0x00000001                ASSERT ((. != __cy_interrupt_vector), No interrupt vector)
                0x00000001                ASSERT (CY_APPL_ORIGIN?(SIZEOF (.cybootloader) <= CY_APPL_ORIGIN):0x1, Wrong image location)
                0x00000010                PROVIDE (__cy_reset, Reset)
 *(.text.Reset)
 .text.Reset    0x00000010        0x8 .\CortexM0\ARM_GCC_541\Debug\Cm0Start.o
                0x00000010                Reset
                0x00000001                ASSERT ((. != __cy_reset), No reset code)
 *(.psocinit)
 .psocinit      0x00000018      0x258 .\CortexM0\ARM_GCC_541\Debug\cyfitter_cfg.o
                0x000000d4                cyfitter_cfg
                0x00000270                . = MAX (., 0x100)
 *(.text .text.* .gnu.linkonce.t.*)
 .text          0x00000270       0x60 c:/program files (x86)/cypress/psoc creator/4.3/psoc creator/import/gnu/arm/5.4.1/bin/../lib/gcc/arm-none-eabi/5.4.1/armv6-m/crtbegin.o
 .text.main     0x000002d0      0x130 .\CortexM0\ARM_GCC_541\Debug\main.o
                0x000002d0                main
 .text.CYMEMZERO
                0x00000400       0x20 .\CortexM0\ARM_GCC_541\Debug\cyfitter_cfg.o
 .text.cfg_write_bytes32
                0x00000420       0x84 .\CortexM0\ARM_GCC_541\Debug\cyfitter_cfg.o
 .text.AnalogSetDefault
                0x000004a4       0x10 .\CortexM0\ARM_GCC_541\Debug\cyfitter_cfg.o
 .text.SetAnalogRoutingPumps
                0x000004b4       0x70 .\CortexM0\ARM_GCC_541\Debug\cyfitter_cfg.o
                0x000004b4                SetAnalogRoutingPumps
 .text.IntDefaultHandler
                0x00000524       0x14 .\CortexM0\ARM_GCC_541\Debug\Cm0Start.o
                0x00000524                IntDefaultHandler
 .text.Start_c  0x00000538       0x98 .\CortexM0\ARM_GCC_541\Debug\Cm0Start.o
                0x00000538                Start_c
 .text.initialize_psoc
                0x000005d0       0x64 .\CortexM0\ARM_GCC_541\Debug\Cm0Start.o
                0x000005d0                initialize_psoc
 .text.CapSense_CSD_Init
                0x00000634       0x40 .\CortexM0\ARM_GCC_541\Debug\CHIGASAKI_Utsushiomi_2020_kit.a(CapSense_CSD.o)
                0x00000634                CapSense_CSD_Init
 .text.CapSense_CSD_CsdHwBlockInit
                0x00000674       0xc4 .\CortexM0\ARM_GCC_541\Debug\CHIGASAKI_Utsushiomi_2020_kit.a(CapSense_CSD.o)
                0x00000674                CapSense_CSD_CsdHwBlockInit
 .text.CapSense_CSD_Enable
                0x00000738       0x50 .\CortexM0\ARM_GCC_541\Debug\CHIGASAKI_Utsushiomi_2020_kit.a(CapSense_CSD.o)
                0x00000738                CapSense_CSD_Enable
 .text.CapSense_CSD_Start
                0x00000788       0x44 .\CortexM0\ARM_GCC_541\Debug\CHIGASAKI_Utsushiomi_2020_kit.a(CapSense_CSD.o)
                0x00000788                CapSense_CSD_Start
 .text.CapSense_CSD_FindNextSensor
                0x000007cc       0x4c .\CortexM0\ARM_GCC_541\Debug\CHIGASAKI_Utsushiomi_2020_kit.a(CapSense_CSD.o)
                0x000007cc                CapSense_CSD_FindNextSensor
 .text.CapSense_CSD_ScanSensor
                0x00000818       0x34 .\CortexM0\ARM_GCC_541\Debug\CHIGASAKI_Utsushiomi_2020_kit.a(CapSense_CSD.o)
                0x00000818                CapSense_CSD_ScanSensor
 .text.CapSense_CSD_ScanEnabledWidgets
                0x0000084c       0x58 .\CortexM0\ARM_GCC_541\Debug\CHIGASAKI_Utsushiomi_2020_kit.a(CapSense_CSD.o)
                0x0000084c                CapSense_CSD_ScanEnabledWidgets
 .text.CapSense_CSD_IsBusy
                0x000008a4       0x1c .\CortexM0\ARM_GCC_541\Debug\CHIGASAKI_Utsushiomi_2020_kit.a(CapSense_CSD.o)
                0x000008a4                CapSense_CSD_IsBusy
 .text.CapSense_CSD_ReadSensorRaw
                0x000008c0       0x1c .\CortexM0\ARM_GCC_541\Debug\CHIGASAKI_Utsushiomi_2020_kit.a(CapSense_CSD.o)
                0x000008c0                CapSense_CSD_ReadSensorRaw
 .text.CapSense_CSD_ClearSensors
                0x000008dc       0x28 .\CortexM0\ARM_GCC_541\Debug\CHIGASAKI_Utsushiomi_2020_kit.a(CapSense_CSD.o)
                0x000008dc                CapSense_CSD_ClearSensors
 .text.CapSense_CSD_EnableSensor
                0x00000904       0xcc .\CortexM0\ARM_GCC_541\Debug\CHIGASAKI_Utsushiomi_2020_kit.a(CapSense_CSD.o)
                0x00000904                CapSense_CSD_EnableSensor
 .text.CapSense_CSD_DisableSensor
                0x000009d0      0x13c .\CortexM0\ARM_GCC_541\Debug\CHIGASAKI_Utsushiomi_2020_kit.a(CapSense_CSD.o)
                0x000009d0                CapSense_CSD_DisableSensor
 .text.CapSense_CSD_PreScan
                0x00000b0c      0x1a0 .\CortexM0\ARM_GCC_541\Debug\CHIGASAKI_Utsushiomi_2020_kit.a(CapSense_CSD.o)
                0x00000b0c                CapSense_CSD_PreScan
 .text.CapSense_CSD_PostScan
                0x00000cac       0x74 .\CortexM0\ARM_GCC_541\Debug\CHIGASAKI_Utsushiomi_2020_kit.a(CapSense_CSD.o)
                0x00000cac                CapSense_CSD_PostScan
 .text.CapSense_CSD_EnableShieldElectrode
                0x00000d20       0x7c .\CortexM0\ARM_GCC_541\Debug\CHIGASAKI_Utsushiomi_2020_kit.a(CapSense_CSD.o)
                0x00000d20                CapSense_CSD_EnableShieldElectrode
 .text.CapSense_CSD_SetShieldDelay
                0x00000d9c       0x34 .\CortexM0\ARM_GCC_541\Debug\CHIGASAKI_Utsushiomi_2020_kit.a(CapSense_CSD.o)
                0x00000d9c                CapSense_CSD_SetShieldDelay
 .text.CapSense_CSD_GetBitValue
                0x00000dd0       0x44 .\CortexM0\ARM_GCC_541\Debug\CHIGASAKI_Utsushiomi_2020_kit.a(CapSense_CSD.o)
                0x00000dd0                CapSense_CSD_GetBitValue
 .text.CapSense_CSD_SetBitValue
                0x00000e14       0x6c .\CortexM0\ARM_GCC_541\Debug\CHIGASAKI_Utsushiomi_2020_kit.a(CapSense_CSD.o)
                0x00000e14                CapSense_CSD_SetBitValue
 .text.CapSense_CSD_GetSensorRaw
                0x00000e80       0x50 .\CortexM0\ARM_GCC_541\Debug\CHIGASAKI_Utsushiomi_2020_kit.a(CapSense_CSD.o)
                0x00000e80                CapSense_CSD_GetSensorRaw
 .text.CapSense_CSD_SetUnscannedSensorState
                0x00000ed0       0x24 .\CortexM0\ARM_GCC_541\Debug\CHIGASAKI_Utsushiomi_2020_kit.a(CapSense_CSD.o)
                0x00000ed0                CapSense_CSD_SetUnscannedSensorState
 .text.CapSense_CSD_BaseInit
                0x00000ef4       0x88 .\CortexM0\ARM_GCC_541\Debug\CHIGASAKI_Utsushiomi_2020_kit.a(CapSense_CSD_CSHL.o)
                0x00000ef4                CapSense_CSD_BaseInit
 .text.CapSense_CSD_InitializeSensorBaseline
                0x00000f7c       0x2c .\CortexM0\ARM_GCC_541\Debug\CHIGASAKI_Utsushiomi_2020_kit.a(CapSense_CSD_CSHL.o)
                0x00000f7c                CapSense_CSD_InitializeSensorBaseline
 .text.CapSense_CSD_InitializeAllBaselines
                0x00000fa8       0x28 .\CortexM0\ARM_GCC_541\Debug\CHIGASAKI_Utsushiomi_2020_kit.a(CapSense_CSD_CSHL.o)
                0x00000fa8                CapSense_CSD_InitializeAllBaselines
 .text.CapSense_CSD_UpdateBaselineNoThreshold
                0x00000fd0      0x208 .\CortexM0\ARM_GCC_541\Debug\CHIGASAKI_Utsushiomi_2020_kit.a(CapSense_CSD_CSHL.o)
                0x00000fd0                CapSense_CSD_UpdateBaselineNoThreshold
 .text.CapSense_CSD_UpdateSensorBaseline
                0x000011d8       0x20 .\CortexM0\ARM_GCC_541\Debug\CHIGASAKI_Utsushiomi_2020_kit.a(CapSense_CSD_CSHL.o)
                0x000011d8                CapSense_CSD_UpdateSensorBaseline
 .text.CapSense_CSD_UpdateEnabledBaselines
                0x000011f8       0x44 .\CortexM0\ARM_GCC_541\Debug\CHIGASAKI_Utsushiomi_2020_kit.a(CapSense_CSD_CSHL.o)
                0x000011f8                CapSense_CSD_UpdateEnabledBaselines
 .text.CapSense_CSD_CheckIsSensorActive
                0x0000123c      0x130 .\CortexM0\ARM_GCC_541\Debug\CHIGASAKI_Utsushiomi_2020_kit.a(CapSense_CSD_CSHL.o)
                0x0000123c                CapSense_CSD_CheckIsSensorActive
 .text.CapSense_CSD_CheckIsWidgetActive
                0x0000136c       0x58 .\CortexM0\ARM_GCC_541\Debug\CHIGASAKI_Utsushiomi_2020_kit.a(CapSense_CSD_CSHL.o)
                0x0000136c                CapSense_CSD_CheckIsWidgetActive
 .text.CapSense_CSD_IIR16Filter
                0x000013c4       0x3c .\CortexM0\ARM_GCC_541\Debug\CHIGASAKI_Utsushiomi_2020_kit.a(CapSense_CSD_CSHL.o)
                0x000013c4                CapSense_CSD_IIR16Filter
 .text.CapSense_CSD_ISR
                0x00001400       0xd8 .\CortexM0\ARM_GCC_541\Debug\CHIGASAKI_Utsushiomi_2020_kit.a(CapSense_CSD_INT.o)
                0x00001400                CapSense_CSD_ISR
 .text.CapSense_CSD_AutoTune
                0x000014d8       0xf8 .\CortexM0\ARM_GCC_541\Debug\CHIGASAKI_Utsushiomi_2020_kit.a(CapSense_CSD_SMS.o)
                0x000014d8                CapSense_CSD_AutoTune
 .text.CapSense_CSD_UpdateThresholds
                0x000015d0       0xf4 .\CortexM0\ARM_GCC_541\Debug\CHIGASAKI_Utsushiomi_2020_kit.a(CapSense_CSD_SMS.o)
                0x000015d0                CapSense_CSD_UpdateThresholds
 .text.CapSense_CSD_SetAnalogSwitchesSrcDirect
                0x000016c4       0x1c .\CortexM0\ARM_GCC_541\Debug\CHIGASAKI_Utsushiomi_2020_kit.a(CapSense_CSD_SMS.o)
                0x000016c4                CapSense_CSD_SetAnalogSwitchesSrcDirect
 .text.CapSense_CSD_DisableBaselineIDAC
                0x000016e0       0x34 .\CortexM0\ARM_GCC_541\Debug\CHIGASAKI_Utsushiomi_2020_kit.a(CapSense_CSD_SMS.o)
                0x000016e0                CapSense_CSD_DisableBaselineIDAC
 .text.CapSense_CSD_EnableBaselineIDAC
                0x00001714       0x94 .\CortexM0\ARM_GCC_541\Debug\CHIGASAKI_Utsushiomi_2020_kit.a(CapSense_CSD_SMS.o)
                0x00001714                CapSense_CSD_EnableBaselineIDAC
 .text.LED_CONTROL_Init
                0x000017a8       0x58 .\CortexM0\ARM_GCC_541\Debug\CHIGASAKI_Utsushiomi_2020_kit.a(LED_CONTROL.o)
                0x000017a8                LED_CONTROL_Init
 .text.LED_CONTROL_Enable
                0x00001800       0x3c .\CortexM0\ARM_GCC_541\Debug\CHIGASAKI_Utsushiomi_2020_kit.a(LED_CONTROL.o)
                0x00001800                LED_CONTROL_Enable
 .text.LED_CONTROL_Start
                0x0000183c       0x24 .\CortexM0\ARM_GCC_541\Debug\CHIGASAKI_Utsushiomi_2020_kit.a(LED_CONTROL.o)
                0x0000183c                LED_CONTROL_Start
 .text.LED_CONTROL_WriteCounter
                0x00001860       0x20 .\CortexM0\ARM_GCC_541\Debug\CHIGASAKI_Utsushiomi_2020_kit.a(LED_CONTROL.o)
                0x00001860                LED_CONTROL_WriteCounter
 .text.LED_CONTROL_WritePeriod
                0x00001880       0x20 .\CortexM0\ARM_GCC_541\Debug\CHIGASAKI_Utsushiomi_2020_kit.a(LED_CONTROL.o)
                0x00001880                LED_CONTROL_WritePeriod
 .text.LED_CONTROL_WriteCompare
                0x000018a0       0x20 .\CortexM0\ARM_GCC_541\Debug\CHIGASAKI_Utsushiomi_2020_kit.a(LED_CONTROL.o)
                0x000018a0                LED_CONTROL_WriteCompare
 .text.LED_CONTROL_TriggerCommand
                0x000018c0       0x3c .\CortexM0\ARM_GCC_541\Debug\CHIGASAKI_Utsushiomi_2020_kit.a(LED_CONTROL.o)
                0x000018c0                LED_CONTROL_TriggerCommand
 .text.LED_CONTROL_SetInterruptMode
                0x000018fc       0x1c .\CortexM0\ARM_GCC_541\Debug\CHIGASAKI_Utsushiomi_2020_kit.a(LED_CONTROL.o)
                0x000018fc                LED_CONTROL_SetInterruptMode
 .text.CapSense_CSD_SampleClk_Start
                0x00001918       0x1c .\CortexM0\ARM_GCC_541\Debug\CHIGASAKI_Utsushiomi_2020_kit.a(CapSense_CSD_SampleClk.o)
                0x00001918                CapSense_CSD_SampleClk_Start
 .text.CapSense_CSD_SampleClk_Stop
                0x00001934       0x1c .\CortexM0\ARM_GCC_541\Debug\CHIGASAKI_Utsushiomi_2020_kit.a(CapSense_CSD_SampleClk.o)
                0x00001934                CapSense_CSD_SampleClk_Stop
 .text.CapSense_CSD_SampleClk_SetFractionalDividerRegister
                0x00001950       0x38 .\CortexM0\ARM_GCC_541\Debug\CHIGASAKI_Utsushiomi_2020_kit.a(CapSense_CSD_SampleClk.o)
                0x00001950                CapSense_CSD_SampleClk_SetFractionalDividerRegister
 .text.CapSense_CSD_SenseClk_Start
                0x00001988       0x1c .\CortexM0\ARM_GCC_541\Debug\CHIGASAKI_Utsushiomi_2020_kit.a(CapSense_CSD_SenseClk.o)
                0x00001988                CapSense_CSD_SenseClk_Start
 .text.CapSense_CSD_SenseClk_Stop
                0x000019a4       0x1c .\CortexM0\ARM_GCC_541\Debug\CHIGASAKI_Utsushiomi_2020_kit.a(CapSense_CSD_SenseClk.o)
                0x000019a4                CapSense_CSD_SenseClk_Stop
 .text.CapSense_CSD_SenseClk_SetFractionalDividerRegister
                0x000019c0       0x38 .\CortexM0\ARM_GCC_541\Debug\CHIGASAKI_Utsushiomi_2020_kit.a(CapSense_CSD_SenseClk.o)
                0x000019c0                CapSense_CSD_SenseClk_SetFractionalDividerRegister
 .text.CySysClkWriteImoFreq
                0x000019f8      0x1e4 .\CortexM0\ARM_GCC_541\Debug\CHIGASAKI_Utsushiomi_2020_kit.a(CyLib.o)
                0x000019f8                CySysClkWriteImoFreq
 .text.CyIntSetVector
                0x00001bdc       0x4c .\CortexM0\ARM_GCC_541\Debug\CHIGASAKI_Utsushiomi_2020_kit.a(CyLib.o)
                0x00001bdc                CyIntSetVector
 .text.CyIntSetPriority
                0x00001c28       0xa8 .\CortexM0\ARM_GCC_541\Debug\CHIGASAKI_Utsushiomi_2020_kit.a(CyLib.o)
                0x00001c28                CyIntSetPriority
 .text.CyIntEnable
                0x00001cd0       0x2c .\CortexM0\ARM_GCC_541\Debug\CHIGASAKI_Utsushiomi_2020_kit.a(CyLib.o)
                0x00001cd0                CyIntEnable
 .text.CyIntDisable
                0x00001cfc       0x2c .\CortexM0\ARM_GCC_541\Debug\CHIGASAKI_Utsushiomi_2020_kit.a(CyLib.o)
                0x00001cfc                CyIntDisable
 .text.CyHalt   0x00001d28       0x18 .\CortexM0\ARM_GCC_541\Debug\CHIGASAKI_Utsushiomi_2020_kit.a(CyLib.o)
                0x00001d28                CyHalt
 .text.CyDelayUs
                0x00001d40       0x28 .\CortexM0\ARM_GCC_541\Debug\CHIGASAKI_Utsushiomi_2020_kit.a(CyLib.o)
                0x00001d40                CyDelayUs
 .text.Pin_Read
                0x00001d68       0x1c .\CortexM0\ARM_GCC_541\Debug\CHIGASAKI_Utsushiomi_2020_kit.a(Pin.o)
                0x00001d68                Pin_Read
 .text.UART_1_Init
                0x00001d84       0x10 .\CortexM0\ARM_GCC_541\Debug\CHIGASAKI_Utsushiomi_2020_kit.a(UART_1.o)
                0x00001d84                UART_1_Init
 .text.UART_1_Enable
                0x00001d94       0x24 .\CortexM0\ARM_GCC_541\Debug\CHIGASAKI_Utsushiomi_2020_kit.a(UART_1.o)
                0x00001d94                UART_1_Enable
 .text.UART_1_Start
                0x00001db8       0x24 .\CortexM0\ARM_GCC_541\Debug\CHIGASAKI_Utsushiomi_2020_kit.a(UART_1.o)
                0x00001db8                UART_1_Start
 .text.UART_1_ScbEnableIntr
                0x00001ddc        0xc .\CortexM0\ARM_GCC_541\Debug\CHIGASAKI_Utsushiomi_2020_kit.a(UART_1.o)
 .text.UART_1_ScbModePostEnable
                0x00001de8       0x10 .\CortexM0\ARM_GCC_541\Debug\CHIGASAKI_Utsushiomi_2020_kit.a(UART_1.o)
 .text.UART_1_SpiUartWriteTxData
                0x00001df8       0x2c .\CortexM0\ARM_GCC_541\Debug\CHIGASAKI_Utsushiomi_2020_kit.a(UART_1_SPI_UART.o)
                0x00001df8                UART_1_SpiUartWriteTxData
 .text.UART_1_UartInit
                0x00001e24       0xbc .\CortexM0\ARM_GCC_541\Debug\CHIGASAKI_Utsushiomi_2020_kit.a(UART_1_UART.o)
                0x00001e24                UART_1_UartInit
 .text.UART_1_UartPostEnable
                0x00001ee0       0x30 .\CortexM0\ARM_GCC_541\Debug\CHIGASAKI_Utsushiomi_2020_kit.a(UART_1_UART.o)
                0x00001ee0                UART_1_UartPostEnable
 .text          0x00001f10       0x24 .\CortexM0\ARM_GCC_541\Debug\CHIGASAKI_Utsushiomi_2020_kit.a(CyBootAsmGnu.o)
                0x00001f10                CyDelayCycles
                0x00001f24                CyEnterCriticalSection
                0x00001f2c                CyExitCriticalSection
 .text.CalibrateOneDAC_P4_v2_60
                0x00001f34       0x40 C:\Program Files (x86)\Cypress\PSoC Creator\4.3\PSoC Creator\psoc\content\CyComponentLibrary\CyComponentLibrary.cylib\CapSense_CSD_P4_v2_60\PSoC4\Library\CapsenseP4Library_GCC.a(CSD_P4_SmartSense_v2_60.o)
                0x00001f34                CalibrateOneDAC_P4_v2_60
 .text.CalibrateSensors_P4_v2_60
                0x00001f74       0x22 C:\Program Files (x86)\Cypress\PSoC Creator\4.3\PSoC Creator\psoc\content\CyComponentLibrary\CyComponentLibrary.cylib\CapSense_CSD_P4_v2_60\PSoC4\Library\CapsenseP4Library_GCC.a(CSD_P4_SmartSense_v2_60.o)
                0x00001f74                CalibrateSensors_P4_v2_60
 .text.TunePrescalers_P4_v2_60
                0x00001f96       0x42 C:\Program Files (x86)\Cypress\PSoC Creator\4.3\PSoC Creator\psoc\content\CyComponentLibrary\CyComponentLibrary.cylib\CapSense_CSD_P4_v2_60\PSoC4\Library\CapsenseP4Library_GCC.a(CSD_P4_SmartSense_v2_60.o)
                0x00001f96                TunePrescalers_P4_v2_60
 .text.TuneSensitivity_P4_v2_60
                0x00001fd8       0xdc C:\Program Files (x86)\Cypress\PSoC Creator\4.3\PSoC Creator\psoc\content\CyComponentLibrary\CyComponentLibrary.cylib\CapSense_CSD_P4_v2_60\PSoC4\Library\CapsenseP4Library_GCC.a(CSD_P4_SmartSense_v2_60.o)
                0x00001fd8                TuneSensitivity_P4_v2_60
 .text.MeasureNoiseEnvelope_P4_v2_60
                0x000020b4       0xfc C:\Program Files (x86)\Cypress\PSoC Creator\4.3\PSoC Creator\psoc\content\CyComponentLibrary\CyComponentLibrary.cylib\CapSense_CSD_P4_v2_60\PSoC4\Library\CapsenseP4Library_GCC.a(CSD_P4_SmartSense_v2_60.o)
                0x000020b4                MeasureNoiseEnvelope_P4_v2_60
 .text.CalculateThresholds_P4_v2_60
                0x000021b0       0x36 C:\Program Files (x86)\Cypress\PSoC Creator\4.3\PSoC Creator\psoc\content\CyComponentLibrary\CyComponentLibrary.cylib\CapSense_CSD_P4_v2_60\PSoC4\Library\CapsenseP4Library_GCC.a(CSD_P4_SmartSense_v2_60.o)
                0x000021b0                CalculateThresholds_P4_v2_60
 *fill*         0x000021e6        0x2 
 .text          0x000021e8      0x114 c:/program files (x86)/cypress/psoc creator/4.3/psoc creator/import/gnu/arm/5.4.1/bin/../lib/gcc/arm-none-eabi/5.4.1/armv6-m\libgcc.a(_udivsi3.o)
                0x000021e8                __aeabi_uidiv
                0x000021e8                __udivsi3
                0x000022f4                __aeabi_uidivmod
 .text          0x000022fc      0x1d4 c:/program files (x86)/cypress/psoc creator/4.3/psoc creator/import/gnu/arm/5.4.1/bin/../lib/gcc/arm-none-eabi/5.4.1/armv6-m\libgcc.a(_divsi3.o)
                0x000022fc                __divsi3
                0x000022fc                __aeabi_idiv
                0x000024c8                __aeabi_idivmod
 .text          0x000024d0        0x4 c:/program files (x86)/cypress/psoc creator/4.3/psoc creator/import/gnu/arm/5.4.1/bin/../lib/gcc/arm-none-eabi/5.4.1/armv6-m\libgcc.a(_dvmd_tls.o)
                0x000024d0                __aeabi_idiv0
                0x000024d0                __aeabi_ldiv0
 .text          0x000024d4       0x3c c:/program files (x86)/cypress/psoc creator/4.3/psoc creator/import/gnu/arm/5.4.1/bin/../lib/gcc/arm-none-eabi/5.4.1/armv6-m\libgcc.a(_fixunsdfsi.o)
                0x000024d4                __aeabi_d2uiz
                0x000024d4                __fixunsdfsi
 .text          0x00002510      0x4f4 c:/program files (x86)/cypress/psoc creator/4.3/psoc creator/import/gnu/arm/5.4.1/bin/../lib/gcc/arm-none-eabi/5.4.1/armv6-m\libgcc.a(muldf3.o)
                0x00002510                __aeabi_dmul
 .text          0x00002a04      0x6a8 c:/program files (x86)/cypress/psoc creator/4.3/psoc creator/import/gnu/arm/5.4.1/bin/../lib/gcc/arm-none-eabi/5.4.1/armv6-m\libgcc.a(subdf3.o)
                0x00002a04                __aeabi_dsub
 .text          0x000030ac       0x6c c:/program files (x86)/cypress/psoc creator/4.3/psoc creator/import/gnu/arm/5.4.1/bin/../lib/gcc/arm-none-eabi/5.4.1/armv6-m\libgcc.a(fixdfsi.o)
                0x000030ac                __aeabi_d2iz
 .text          0x00003118       0x84 c:/program files (x86)/cypress/psoc creator/4.3/psoc creator/import/gnu/arm/5.4.1/bin/../lib/gcc/arm-none-eabi/5.4.1/armv6-m\libgcc.a(floatsidf.o)
                0x00003118                __aeabi_i2d
 .text          0x0000319c       0x7c c:/program files (x86)/cypress/psoc creator/4.3/psoc creator/import/gnu/arm/5.4.1/bin/../lib/gcc/arm-none-eabi/5.4.1/armv6-m\libgcc.a(_arm_cmpdf2.o)
                0x0000319c                __aeabi_cdrcmple
                0x000031ac                __aeabi_cdcmple
                0x000031ac                __aeabi_cdcmpeq
                0x000031bc                __aeabi_dcmpeq
                0x000031c8                __aeabi_dcmplt
                0x000031dc                __aeabi_dcmple
                0x000031f0                __aeabi_dcmpgt
                0x00003204                __aeabi_dcmpge
 .text          0x00003218       0x3c c:/program files (x86)/cypress/psoc creator/4.3/psoc creator/import/gnu/arm/5.4.1/bin/../lib/gcc/arm-none-eabi/5.4.1/armv6-m\libgcc.a(_clzsi2.o)
                0x00003218                __clzsi2
 .text          0x00003254       0x80 c:/program files (x86)/cypress/psoc creator/4.3/psoc creator/import/gnu/arm/5.4.1/bin/../lib/gcc/arm-none-eabi/5.4.1/armv6-m\libgcc.a(eqdf2.o)
                0x00003254                __nedf2
                0x00003254                __eqdf2
 .text          0x000032d4       0xc8 c:/program files (x86)/cypress/psoc creator/4.3/psoc creator/import/gnu/arm/5.4.1/bin/../lib/gcc/arm-none-eabi/5.4.1/armv6-m\libgcc.a(gedf2.o)
                0x000032d4                __gedf2
                0x000032d4                __gtdf2
 .text          0x0000339c       0xd4 c:/program files (x86)/cypress/psoc creator/4.3/psoc creator/import/gnu/arm/5.4.1/bin/../lib/gcc/arm-none-eabi/5.4.1/armv6-m\libgcc.a(ledf2.o)
                0x0000339c                __ledf2
                0x0000339c                __ltdf2
 .text.__errno  0x00003470        0xc c:/program files (x86)/cypress/psoc creator/4.3/psoc creator/import/gnu/arm/5.4.1/bin/../lib/gcc/arm-none-eabi/5.4.1/../../../../arm-none-eabi/lib/armv6-m\libg_nano.a(lib_a-errno.o)
                0x00003470                __errno
 .text.__libc_init_array
                0x0000347c       0x4c c:/program files (x86)/cypress/psoc creator/4.3/psoc creator/import/gnu/arm/5.4.1/bin/../lib/gcc/arm-none-eabi/5.4.1/../../../../arm-none-eabi/lib/armv6-m\libg_nano.a(lib_a-init.o)
                0x0000347c                __libc_init_array
 .text.memset   0x000034c8       0x10 c:/program files (x86)/cypress/psoc creator/4.3/psoc creator/import/gnu/arm/5.4.1/bin/../lib/gcc/arm-none-eabi/5.4.1/../../../../arm-none-eabi/lib/armv6-m\libg_nano.a(lib_a-memset.o)
                0x000034c8                memset
 *(.plt)
 *(.gnu.warning)
 *(.glue_7t)
 .glue_7t       0x000034d8        0x0 linker stubs
 *(.glue_7)
 .glue_7        0x000034d8        0x0 linker stubs
 *(.vfp11_veneer)
 .vfp11_veneer  0x000034d8        0x0 linker stubs
 *(.bootloader)
 *(.ARM.extab* .gnu.linkonce.armextab.*)
 *(.gcc_except_table)

.v4_bx          0x000034d8        0x0
 .v4_bx         0x000034d8        0x0 linker stubs

.iplt           0x000034d8        0x0
 .iplt          0x000034d8        0x0 c:/program files (x86)/cypress/psoc creator/4.3/psoc creator/import/gnu/arm/5.4.1/bin/../lib/gcc/arm-none-eabi/5.4.1/armv6-m/crtbegin.o

.eh_frame_hdr
 *(.eh_frame_hdr)

.eh_frame       0x000034d8        0x4
 *(.eh_frame)
 .eh_frame      0x000034d8        0x0 c:/program files (x86)/cypress/psoc creator/4.3/psoc creator/import/gnu/arm/5.4.1/bin/../lib/gcc/arm-none-eabi/5.4.1/armv6-m/crtbegin.o
 .eh_frame      0x000034d8        0x4 c:/program files (x86)/cypress/psoc creator/4.3/psoc creator/import/gnu/arm/5.4.1/bin/../lib/gcc/arm-none-eabi/5.4.1/armv6-m/crtend.o
                [!provide]                PROVIDE (__exidx_start, .)

.ARM.exidx
 *(.ARM.exidx* .gnu.linkonce.armexidx.*)
                0x000034dc                __exidx_end = .

.rodata         0x000034dc      0x22c
 *(.rodata .rodata.* .gnu.linkonce.r.*)
 .rodata        0x000034dc       0x52 .\CortexM0\ARM_GCC_541\Debug\cyfitter_cfg.o
 *fill*         0x0000352e        0x2 
 .rodata        0x00003530       0xa4 .\CortexM0\ARM_GCC_541\Debug\CHIGASAKI_Utsushiomi_2020_kit.a(CapSense_CSD.o)
                0x00003530                CapSense_CSD_portTable
                0x00003540                CapSense_CSD_maskTable
                0x00003578                CapSense_CSD_pinShiftTbl
                0x00003588                CapSense_CSD_widgetNumber
                0x00003598                CapSense_CSD_prtSelTbl
                0x000035ac                CapSense_CSD_prtCfgTbl
                0x000035c0                CapSense_CSD_prtDRTbl
 .rodata        0x000035d4       0x1e .\CortexM0\ARM_GCC_541\Debug\CHIGASAKI_Utsushiomi_2020_kit.a(CapSense_CSD_CSHL.o)
                0x000035d4                CapSense_CSD_rawDataIndex
                0x000035e4                CapSense_CSD_numberOfSensors
 *fill*         0x000035f2        0x2 
 .rodata        0x000035f4       0x6c .\CortexM0\ARM_GCC_541\Debug\CHIGASAKI_Utsushiomi_2020_kit.a(CapSense_CSD_SMS.o)
                0x000035f4                CapSense_CSD_prescalerTable
                0x00003604                CapSense_CSD_configPointers
 .rodata        0x00003660       0x2e .\CortexM0\ARM_GCC_541\Debug\CHIGASAKI_Utsushiomi_2020_kit.a(CyLib.o)
                0x00003660                cyImoFreqMhz2Reg
 *fill*         0x0000368e        0x2 
 .rodata        0x00003690       0x40 c:/program files (x86)/cypress/psoc creator/4.3/psoc creator/import/gnu/arm/5.4.1/bin/../lib/gcc/arm-none-eabi/5.4.1/armv6-m\libgcc.a(muldf3.o)
 .rodata.str1.1
                0x000036d0        0x2 c:/program files (x86)/cypress/psoc creator/4.3/psoc creator/import/gnu/arm/5.4.1/bin/../lib/gcc/arm-none-eabi/5.4.1/../../../../arm-none-eabi/lib/armv6-m\libg_nano.a(lib_a-impure.o)
                0x000036d4                . = ALIGN (0x4)
 *fill*         0x000036d2        0x2 
 *(.init)
 .init          0x000036d4        0x4 c:/program files (x86)/cypress/psoc creator/4.3/psoc creator/import/gnu/arm/5.4.1/bin/../lib/gcc/arm-none-eabi/5.4.1/armv6-m/crti.o
                0x000036d4                _init
 .init          0x000036d8        0x8 c:/program files (x86)/cypress/psoc creator/4.3/psoc creator/import/gnu/arm/5.4.1/bin/../lib/gcc/arm-none-eabi/5.4.1/armv6-m/crtn.o
                0x000036e0                . = ALIGN (0x4)
                0x000036e0                __preinit_array_start = .
 *(.preinit_array)
                0x000036e0                __preinit_array_end = .
                0x000036e0                . = ALIGN (0x4)
                0x000036e0                __init_array_start = .
 *(SORT(.init_array.*))
 *(.init_array)
 .init_array    0x000036e0        0x4 c:/program files (x86)/cypress/psoc creator/4.3/psoc creator/import/gnu/arm/5.4.1/bin/../lib/gcc/arm-none-eabi/5.4.1/armv6-m/crtbegin.o
 .init_array    0x000036e4        0x4 .\CortexM0\ARM_GCC_541\Debug\Cm0Start.o
                0x000036e8                __init_array_end = .
                0x000036e8                . = ALIGN (0x4)
 *(.fini)
 .fini          0x000036e8        0x4 c:/program files (x86)/cypress/psoc creator/4.3/psoc creator/import/gnu/arm/5.4.1/bin/../lib/gcc/arm-none-eabi/5.4.1/armv6-m/crti.o
                0x000036e8                _fini
 .fini          0x000036ec        0x8 c:/program files (x86)/cypress/psoc creator/4.3/psoc creator/import/gnu/arm/5.4.1/bin/../lib/gcc/arm-none-eabi/5.4.1/armv6-m/crtn.o
                0x000036f4                . = ALIGN (0x4)
                0x000036f4                __fini_array_start = .
 *(.fini_array)
 .fini_array    0x000036f4        0x4 c:/program files (x86)/cypress/psoc creator/4.3/psoc creator/import/gnu/arm/5.4.1/bin/../lib/gcc/arm-none-eabi/5.4.1/armv6-m/crtbegin.o
 *(SORT(.fini_array.*))
                0x000036f8                __fini_array_end = .
                0x000036f8                . = ALIGN (0x4)
 *crtbegin.o(.ctors)
 *(EXCLUDE_FILE(*crtend.o) .ctors)
 *(SORT(.ctors.*))
 *crtend.o(.ctors)
                0x000036f8                . = ALIGN (0x4)
 *crtbegin.o(.dtors)
 *(EXCLUDE_FILE(*crtend.o) .dtors)
 *(SORT(.dtors.*))
 *crtend.o(.dtors)
                0x000036f8                . = ALIGN (0x4)
                0x000036f8                __cy_regions = .
                0x000036f8        0x4 LONG 0x3708 __cy_region_init_ram
                0x000036fc        0x4 LONG 0x200000c8 __cy_region_start_data
                0x00003700        0x4 LONG 0x120 __cy_region_init_size_ram
                0x00003704        0x4 LONG 0x2f0 __cy_region_zero_size_ram
                0x00003708                __cy_regions_end = .
                0x00003708                . = ALIGN (0x8)
                0x00003708                _etext = .

.cy_checksum_exclude
                0x00003708        0x0
 *(.cy_checksum_exclude)

.ramvectors     0x20000000       0xc0
                0x20000000                __cy_region_start_ram = .
 *(.ramvectors)
 .ramvectors    0x20000000       0xc0 .\CortexM0\ARM_GCC_541\Debug\Cm0Start.o
                0x20000000                CyRamVectors

.noinit         0x200000c0        0x4
 *(.noinit)
 .noinit        0x200000c0        0x4 .\CortexM0\ARM_GCC_541\Debug\Cm0Start.o

.data           0x200000c8      0x120 load address 0x00003708
                0x200000c8                __cy_region_start_data = .
 *(.jcr)
 .jcr           0x200000c8        0x0 c:/program files (x86)/cypress/psoc creator/4.3/psoc creator/import/gnu/arm/5.4.1/bin/../lib/gcc/arm-none-eabi/5.4.1/armv6-m/crtbegin.o
 .jcr           0x200000c8        0x4 c:/program files (x86)/cypress/psoc creator/4.3/psoc creator/import/gnu/arm/5.4.1/bin/../lib/gcc/arm-none-eabi/5.4.1/armv6-m/crtend.o
 *(.got.plt)
 *(.got)
 *(.shdata)
 *(.data .data.* .gnu.linkonce.d.*)
 .data          0x200000cc       0x74 .\CortexM0\ARM_GCC_541\Debug\CHIGASAKI_Utsushiomi_2020_kit.a(CapSense_CSD.o)
                0x200000cc                CapSense_CSD_sensorEnableMask
                0x200000d0                CapSense_CSD_pcTable
                0x20000108                CapSense_CSD_widgetResolution
 .data          0x20000140       0x1e .\CortexM0\ARM_GCC_541\Debug\CHIGASAKI_Utsushiomi_2020_kit.a(CapSense_CSD_CSHL.o)
                0x20000140                CapSense_CSD_lowBaselineReset
                0x2000014e                CapSense_CSD_enableRawFilters
                0x20000150                CapSense_CSD_debounce
 *fill*         0x2000015e        0x2 
 .data          0x20000160        0xe .\CortexM0\ARM_GCC_541\Debug\CHIGASAKI_Utsushiomi_2020_kit.a(CapSense_CSD_SMS.o)
                0x20000160                CapSense_CSD_sensorSensitivity
 *fill*         0x2000016e        0x2 
 .data          0x20000170       0x14 .\CortexM0\ARM_GCC_541\Debug\CHIGASAKI_Utsushiomi_2020_kit.a(CyLib.o)
                0x20000170                cydelayFreqHz
                0x20000174                cydelayFreqKhz
                0x20000178                cydelayFreqMhz
                0x2000017c                cydelay32kMs
                0x20000180                CySysClkPumpConfig
 .data.impure_data
                0x20000184       0x60 c:/program files (x86)/cypress/psoc creator/4.3/psoc creator/import/gnu/arm/5.4.1/bin/../lib/gcc/arm-none-eabi/5.4.1/../../../../arm-none-eabi/lib/armv6-m\libg_nano.a(lib_a-impure.o)
 .data._impure_ptr
                0x200001e4        0x4 c:/program files (x86)/cypress/psoc creator/4.3/psoc creator/import/gnu/arm/5.4.1/bin/../lib/gcc/arm-none-eabi/5.4.1/../../../../arm-none-eabi/lib/armv6-m\libg_nano.a(lib_a-impure.o)
                0x200001e4                _impure_ptr
                0x200001e8                . = ALIGN (0x8)
 *(.ram)
                0x200001e8                _edata = .

.igot.plt       0x200001e8        0x0 load address 0x00003828
 .igot.plt      0x200001e8        0x0 c:/program files (x86)/cypress/psoc creator/4.3/psoc creator/import/gnu/arm/5.4.1/bin/../lib/gcc/arm-none-eabi/5.4.1/armv6-m/crtbegin.o

.bss            0x200001e8      0x2f0 load address 0x00003828
                0x200001e8                PROVIDE (__bss_start__, .)
 *(.shbss)
 *(.bss .bss.* .gnu.linkonce.b.*)
 .bss           0x200001e8       0x1c c:/program files (x86)/cypress/psoc creator/4.3/psoc creator/import/gnu/arm/5.4.1/bin/../lib/gcc/arm-none-eabi/5.4.1/armv6-m/crtbegin.o
 .bss           0x20000204       0x9c .\CortexM0\ARM_GCC_541\Debug\main.o
                0x20000204                Button
                0x20000238                Status
                0x2000026c                SendData
 .bss           0x200002a0       0x21 .\CortexM0\ARM_GCC_541\Debug\CHIGASAKI_Utsushiomi_2020_kit.a(CapSense_CSD.o)
                0x200002a0                CapSense_CSD_lowLevelTuningDone
                0x200002a1                CapSense_CSD_prescalersTuningDone
                0x200002a2                CapSense_CSD_csdStatusVar
                0x200002a3                CapSense_CSD_sensorIndex
                0x200002a4                CapSense_CSD_sensorRaw
 *fill*         0x200002c1        0x3 
 .bss           0x200002c4       0x4f .\CortexM0\ARM_GCC_541\Debug\CHIGASAKI_Utsushiomi_2020_kit.a(CapSense_CSD_CSHL.o)
                0x200002c4                CapSense_CSD_sensorBaseline
                0x200002e0                CapSense_CSD_sensorBaselineLow
                0x200002f0                CapSense_CSD_sensorSignal
                0x20000300                CapSense_CSD_sensorOnMask
 .bss           0x20000313        0x1 .\CortexM0\ARM_GCC_541\Debug\CHIGASAKI_Utsushiomi_2020_kit.a(CapSense_CSD_INT.o)
 .bss           0x20000314        0x1 .\CortexM0\ARM_GCC_541\Debug\CHIGASAKI_Utsushiomi_2020_kit.a(LED_CONTROL.o)
                0x20000314                LED_CONTROL_initVar
 *fill*         0x20000315        0x1 
 .bss           0x20000316        0x4 .\CortexM0\ARM_GCC_541\Debug\CHIGASAKI_Utsushiomi_2020_kit.a(UART_1.o)
                0x20000316                UART_1_initVar
                0x20000318                UART_1_IntrTxMask
 *(COMMON)
 *fill*         0x2000031a        0x2 
 COMMON         0x2000031c       0x50 .\CortexM0\ARM_GCC_541\Debug\main.o
                0x2000031c                sData
                0x2000036a                bright
 COMMON         0x2000036c       0x5a .\CortexM0\ARM_GCC_541\Debug\CHIGASAKI_Utsushiomi_2020_kit.a(CapSense_CSD.o)
                0x2000036c                CapSense_CSD_csdTrim1
                0x20000370                CapSense_CSD_scanSpeedTbl
                0x20000374                CapSense_CSD_compensationIDAC
                0x20000384                CapSense_CSD_senseClkDividerVal
                0x20000394                CapSense_CSD_sensorEnableMaskBackup
                0x20000398                CapSense_CSD_unscannedSnsDriveMode
                0x200003a8                CapSense_CSD_modulationIDAC
                0x200003b8                CapSense_CSD_sampleClkDividerVal
 *fill*         0x200003c6        0x2 
 COMMON         0x200003c8       0x6a .\CortexM0\ARM_GCC_541\Debug\CHIGASAKI_Utsushiomi_2020_kit.a(CapSense_CSD_CSHL.o)
                0x200003c8                CapSense_CSD_fingerThreshold
                0x200003d8                CapSense_CSD_negativeNoiseThreshold
                0x200003e8                CapSense_CSD_hysteresis
                0x200003f8                CapSense_CSD_rawFilterData1
                0x20000414                CapSense_CSD_noiseThreshold
                0x20000424                CapSense_CSD_lowBaselineResetCnt
 *fill*         0x20000432        0x2 
 COMMON         0x20000434       0x9e .\CortexM0\ARM_GCC_541\Debug\CHIGASAKI_Utsushiomi_2020_kit.a(CapSense_CSD_SMS.o)
                0x20000434                CapSense_CSD_noiseEnvelopeTbl
                0x20000444                CapSense_CSD_runningDifferenceTbl
                0x20000454                CapSense_CSD_config
                0x20000460                CapSense_CSD_previousSampleTbl
                0x2000047c                CapSense_CSD_sampleMaxTbl
                0x20000498                CapSense_CSD_signRegisterTbl
                0x200004a8                CapSense_CSD_sampleMinTbl
                0x200004c4                CapSense_CSD_kValueTbl
                0x200004d8                . = ALIGN (0x8)
 *fill*         0x200004d2        0x6 
 *(.ram.b)
                0x200004d8                _end = .
                0x200004d8                __end = .
                0x200004d8                PROVIDE (end, .)
                0x200004d8                PROVIDE (__bss_end__, .)
                0x00003708                __cy_region_init_ram = LOADADDR (.data)
                0x00000120                __cy_region_init_size_ram = (_edata - ADDR (.data))
                0x000002f0                __cy_region_zero_size_ram = (_end - _edata)

.heap           0x200004d8      0x100 load address 0x00003828
                0x200004d8                . = _end
                0x200005d8                . = (. + 0x100)
 *fill*         0x200004d8      0x100 
                0x200005d8                __cy_heap_limit = .

.stack          0x20000c00      0x400
                0x20000c00                __cy_stack_limit = .
                0x20001000                . = (. + 0x400)
 *fill*         0x20000c00      0x400 
                0x00000001                ASSERT ((__cy_stack_limit >= __cy_heap_limit), region RAM overflowed with stack)
                0x00000000                cy_checksum_exclude_size = (CY_APPL_LOADABLE == 0x1)?SIZEOF (.cy_checksum_exclude):0x0
                0x00000001                ASSERT ((cy_checksum_exclude_size <= CY_CHECKSUM_EXCLUDE_SIZE), CY_BOOT: Section .cy_checksum_exclude size exceedes specified limit.)
                0x00007fc0                cyloadermeta_start = (cy_project_type_bootloader || cy_project_type_app_for_stack_and_copier)?(LENGTH (rom) - CY_METADATA_SIZE):0xf0000000

.cyloadermeta
 *(.cyloadermeta)
                0x00007fc0                cyloadablemeta_start = cy_project_type_app_for_stack_and_copier?((LENGTH (rom) - CY_FLASH_ROW_SIZE) - CY_METADATA_SIZE):((LENGTH (rom) - (CY_FLASH_ROW_SIZE * (CY_APPL_NUM - 0x1))) - CY_METADATA_SIZE)

.cyloadablemeta
 *(.cyloadablemeta)

.cyflashprotect
                0x90400000       0x20
 *(.cyflashprotect)
 .cyflashprotect
                0x90400000       0x20 .\CortexM0\ARM_GCC_541\Debug\cymetadata.o
                0x90400000                cy_meta_flashprotect

.cymeta         0x90500000        0xc
 *(.cymeta)
 .cymeta        0x90500000        0xc .\CortexM0\ARM_GCC_541\Debug\cymetadata.o
                0x90500000                cy_metadata

.cychipprotect  0x90600000        0x1
 *(.cychipprotect)
 .cychipprotect
                0x90600000        0x1 .\CortexM0\ARM_GCC_541\Debug\cymetadata.o
                0x90600000                cy_meta_chipprotect

.rel.dyn        0x00003828        0x0 load address 0x90600004
 .rel.iplt      0x00003828        0x0 c:/program files (x86)/cypress/psoc creator/4.3/psoc creator/import/gnu/arm/5.4.1/bin/../lib/gcc/arm-none-eabi/5.4.1/armv6-m/crtbegin.o

.stab
 *(.stab)

.stabstr
 *(.stabstr)

.debug
 *(.debug)

.line
 *(.line)

.debug_srcinfo
 *(.debug_srcinfo)

.debug_sfnames
 *(.debug_sfnames)

.debug_aranges  0x00000000      0x908
 *(.debug_aranges)
 .debug_aranges
                0x00000000       0x20 .\CortexM0\ARM_GCC_541\Debug\main.o
 .debug_aranges
                0x00000020       0x58 .\CortexM0\ARM_GCC_541\Debug\cyfitter_cfg.o
 .debug_aranges
                0x00000078       0x18 .\CortexM0\ARM_GCC_541\Debug\cymetadata.o
 .debug_aranges
                0x00000090       0x48 .\CortexM0\ARM_GCC_541\Debug\Cm0Start.o
 .debug_aranges
                0x000000d8      0x150 .\CortexM0\ARM_GCC_541\Debug\CHIGASAKI_Utsushiomi_2020_kit.a(CapSense_CSD.o)
 .debug_aranges
                0x00000228      0x128 .\CortexM0\ARM_GCC_541\Debug\CHIGASAKI_Utsushiomi_2020_kit.a(CapSense_CSD_CSHL.o)
 .debug_aranges
                0x00000350       0x20 .\CortexM0\ARM_GCC_541\Debug\CHIGASAKI_Utsushiomi_2020_kit.a(CapSense_CSD_INT.o)
 .debug_aranges
                0x00000370       0x60 .\CortexM0\ARM_GCC_541\Debug\CHIGASAKI_Utsushiomi_2020_kit.a(CapSense_CSD_SMS.o)
 .debug_aranges
                0x000003d0      0x158 .\CortexM0\ARM_GCC_541\Debug\CHIGASAKI_Utsushiomi_2020_kit.a(LED_CONTROL.o)
 .debug_aranges
                0x00000528       0x40 .\CortexM0\ARM_GCC_541\Debug\CHIGASAKI_Utsushiomi_2020_kit.a(CapSense_CSD_SampleClk.o)
 .debug_aranges
                0x00000568       0x40 .\CortexM0\ARM_GCC_541\Debug\CHIGASAKI_Utsushiomi_2020_kit.a(CapSense_CSD_SenseClk.o)
 .debug_aranges
                0x000005a8      0x180 .\CortexM0\ARM_GCC_541\Debug\CHIGASAKI_Utsushiomi_2020_kit.a(CyLib.o)
 .debug_aranges
                0x00000728       0x48 .\CortexM0\ARM_GCC_541\Debug\CHIGASAKI_Utsushiomi_2020_kit.a(Pin.o)
 .debug_aranges
                0x00000770       0x68 .\CortexM0\ARM_GCC_541\Debug\CHIGASAKI_Utsushiomi_2020_kit.a(UART_1.o)
 .debug_aranges
                0x000007d8       0x60 .\CortexM0\ARM_GCC_541\Debug\CHIGASAKI_Utsushiomi_2020_kit.a(UART_1_SPI_UART.o)
 .debug_aranges
                0x00000838       0x68 .\CortexM0\ARM_GCC_541\Debug\CHIGASAKI_Utsushiomi_2020_kit.a(UART_1_UART.o)
 .debug_aranges
                0x000008a0       0x20 .\CortexM0\ARM_GCC_541\Debug\CHIGASAKI_Utsushiomi_2020_kit.a(CyBootAsmGnu.o)
 .debug_aranges
                0x000008c0       0x48 C:\Program Files (x86)\Cypress\PSoC Creator\4.3\PSoC Creator\psoc\content\CyComponentLibrary\CyComponentLibrary.cylib\CapSense_CSD_P4_v2_60\PSoC4\Library\CapsenseP4Library_GCC.a(CSD_P4_SmartSense_v2_60.o)

.debug_pubnames
 *(.debug_pubnames)

.debug_info     0x00000000     0x494b
 *(.debug_info .gnu.linkonce.wi.*)
 .debug_info    0x00000000      0x1b3 .\CortexM0\ARM_GCC_541\Debug\main.o
 .debug_info    0x000001b3      0x393 .\CortexM0\ARM_GCC_541\Debug\cyfitter_cfg.o
 .debug_info    0x00000546       0xf8 .\CortexM0\ARM_GCC_541\Debug\cymetadata.o
 .debug_info    0x0000063e      0x312 .\CortexM0\ARM_GCC_541\Debug\Cm0Start.o
 .debug_info    0x00000950      0xbb8 .\CortexM0\ARM_GCC_541\Debug\CHIGASAKI_Utsushiomi_2020_kit.a(CapSense_CSD.o)
 .debug_info    0x00001508      0xbb5 .\CortexM0\ARM_GCC_541\Debug\CHIGASAKI_Utsushiomi_2020_kit.a(CapSense_CSD_CSHL.o)
 .debug_info    0x000020bd      0x124 .\CortexM0\ARM_GCC_541\Debug\CHIGASAKI_Utsushiomi_2020_kit.a(CapSense_CSD_INT.o)
 .debug_info    0x000021e1      0x65a .\CortexM0\ARM_GCC_541\Debug\CHIGASAKI_Utsushiomi_2020_kit.a(CapSense_CSD_SMS.o)
 .debug_info    0x0000283b      0x6fb .\CortexM0\ARM_GCC_541\Debug\CHIGASAKI_Utsushiomi_2020_kit.a(LED_CONTROL.o)
 .debug_info    0x00002f36      0x150 .\CortexM0\ARM_GCC_541\Debug\CHIGASAKI_Utsushiomi_2020_kit.a(CapSense_CSD_SampleClk.o)
 .debug_info    0x00003086      0x150 .\CortexM0\ARM_GCC_541\Debug\CHIGASAKI_Utsushiomi_2020_kit.a(CapSense_CSD_SenseClk.o)
 .debug_info    0x000031d6      0x8e1 .\CortexM0\ARM_GCC_541\Debug\CHIGASAKI_Utsushiomi_2020_kit.a(CyLib.o)
 .debug_info    0x00003ab7      0x19a .\CortexM0\ARM_GCC_541\Debug\CHIGASAKI_Utsushiomi_2020_kit.a(Pin.o)
 .debug_info    0x00003c51      0x1dc .\CortexM0\ARM_GCC_541\Debug\CHIGASAKI_Utsushiomi_2020_kit.a(UART_1.o)
 .debug_info    0x00003e2d      0x218 .\CortexM0\ARM_GCC_541\Debug\CHIGASAKI_Utsushiomi_2020_kit.a(UART_1_SPI_UART.o)
 .debug_info    0x00004045      0x27b .\CortexM0\ARM_GCC_541\Debug\CHIGASAKI_Utsushiomi_2020_kit.a(UART_1_UART.o)
 .debug_info    0x000042c0       0xa9 .\CortexM0\ARM_GCC_541\Debug\CHIGASAKI_Utsushiomi_2020_kit.a(CyBootAsmGnu.o)
 .debug_info    0x00004369      0x5e2 C:\Program Files (x86)\Cypress\PSoC Creator\4.3\PSoC Creator\psoc\content\CyComponentLibrary\CyComponentLibrary.cylib\CapSense_CSD_P4_v2_60\PSoC4\Library\CapsenseP4Library_GCC.a(CSD_P4_SmartSense_v2_60.o)

.debug_abbrev   0x00000000     0x1324
 *(.debug_abbrev)
 .debug_abbrev  0x00000000       0xc6 .\CortexM0\ARM_GCC_541\Debug\main.o
 .debug_abbrev  0x000000c6      0x1b3 .\CortexM0\ARM_GCC_541\Debug\cyfitter_cfg.o
 .debug_abbrev  0x00000279       0x5d .\CortexM0\ARM_GCC_541\Debug\cymetadata.o
 .debug_abbrev  0x000002d6      0x1c8 .\CortexM0\ARM_GCC_541\Debug\Cm0Start.o
 .debug_abbrev  0x0000049e      0x167 .\CortexM0\ARM_GCC_541\Debug\CHIGASAKI_Utsushiomi_2020_kit.a(CapSense_CSD.o)
 .debug_abbrev  0x00000605      0x1d1 .\CortexM0\ARM_GCC_541\Debug\CHIGASAKI_Utsushiomi_2020_kit.a(CapSense_CSD_CSHL.o)
 .debug_abbrev  0x000007d6       0x8a .\CortexM0\ARM_GCC_541\Debug\CHIGASAKI_Utsushiomi_2020_kit.a(CapSense_CSD_INT.o)
 .debug_abbrev  0x00000860      0x1a0 .\CortexM0\ARM_GCC_541\Debug\CHIGASAKI_Utsushiomi_2020_kit.a(CapSense_CSD_SMS.o)
 .debug_abbrev  0x00000a00       0xfc .\CortexM0\ARM_GCC_541\Debug\CHIGASAKI_Utsushiomi_2020_kit.a(LED_CONTROL.o)
 .debug_abbrev  0x00000afc       0xa8 .\CortexM0\ARM_GCC_541\Debug\CHIGASAKI_Utsushiomi_2020_kit.a(CapSense_CSD_SampleClk.o)
 .debug_abbrev  0x00000ba4       0xa8 .\CortexM0\ARM_GCC_541\Debug\CHIGASAKI_Utsushiomi_2020_kit.a(CapSense_CSD_SenseClk.o)
 .debug_abbrev  0x00000c4c      0x19a .\CortexM0\ARM_GCC_541\Debug\CHIGASAKI_Utsushiomi_2020_kit.a(CyLib.o)
 .debug_abbrev  0x00000de6       0xaa .\CortexM0\ARM_GCC_541\Debug\CHIGASAKI_Utsushiomi_2020_kit.a(Pin.o)
 .debug_abbrev  0x00000e90       0xe3 .\CortexM0\ARM_GCC_541\Debug\CHIGASAKI_Utsushiomi_2020_kit.a(UART_1.o)
 .debug_abbrev  0x00000f73      0x140 .\CortexM0\ARM_GCC_541\Debug\CHIGASAKI_Utsushiomi_2020_kit.a(UART_1_SPI_UART.o)
 .debug_abbrev  0x000010b3       0xfd .\CortexM0\ARM_GCC_541\Debug\CHIGASAKI_Utsushiomi_2020_kit.a(UART_1_UART.o)
 .debug_abbrev  0x000011b0       0x14 .\CortexM0\ARM_GCC_541\Debug\CHIGASAKI_Utsushiomi_2020_kit.a(CyBootAsmGnu.o)
 .debug_abbrev  0x000011c4      0x160 C:\Program Files (x86)\Cypress\PSoC Creator\4.3\PSoC Creator\psoc\content\CyComponentLibrary\CyComponentLibrary.cylib\CapSense_CSD_P4_v2_60\PSoC4\Library\CapsenseP4Library_GCC.a(CSD_P4_SmartSense_v2_60.o)

.debug_line     0x00000000     0x2051
 *(.debug_line)
 .debug_line    0x00000000       0x8f .\CortexM0\ARM_GCC_541\Debug\main.o
 .debug_line    0x0000008f      0x1bd .\CortexM0\ARM_GCC_541\Debug\cyfitter_cfg.o
 .debug_line    0x0000024c      0x141 .\CortexM0\ARM_GCC_541\Debug\cymetadata.o
 .debug_line    0x0000038d      0x1cf .\CortexM0\ARM_GCC_541\Debug\Cm0Start.o
 .debug_line    0x0000055c      0x4b3 .\CortexM0\ARM_GCC_541\Debug\CHIGASAKI_Utsushiomi_2020_kit.a(CapSense_CSD.o)
 .debug_line    0x00000a0f      0x3de .\CortexM0\ARM_GCC_541\Debug\CHIGASAKI_Utsushiomi_2020_kit.a(CapSense_CSD_CSHL.o)
 .debug_line    0x00000ded       0x97 .\CortexM0\ARM_GCC_541\Debug\CHIGASAKI_Utsushiomi_2020_kit.a(CapSense_CSD_INT.o)
 .debug_line    0x00000e84      0x1bf .\CortexM0\ARM_GCC_541\Debug\CHIGASAKI_Utsushiomi_2020_kit.a(CapSense_CSD_SMS.o)
 .debug_line    0x00001043      0x379 .\CortexM0\ARM_GCC_541\Debug\CHIGASAKI_Utsushiomi_2020_kit.a(LED_CONTROL.o)
 .debug_line    0x000013bc       0xbd .\CortexM0\ARM_GCC_541\Debug\CHIGASAKI_Utsushiomi_2020_kit.a(CapSense_CSD_SampleClk.o)
 .debug_line    0x00001479       0xbc .\CortexM0\ARM_GCC_541\Debug\CHIGASAKI_Utsushiomi_2020_kit.a(CapSense_CSD_SenseClk.o)
 .debug_line    0x00001535      0x47b .\CortexM0\ARM_GCC_541\Debug\CHIGASAKI_Utsushiomi_2020_kit.a(CyLib.o)
 .debug_line    0x000019b0       0xbb .\CortexM0\ARM_GCC_541\Debug\CHIGASAKI_Utsushiomi_2020_kit.a(Pin.o)
 .debug_line    0x00001a6b      0x126 .\CortexM0\ARM_GCC_541\Debug\CHIGASAKI_Utsushiomi_2020_kit.a(UART_1.o)
 .debug_line    0x00001b91      0x125 .\CortexM0\ARM_GCC_541\Debug\CHIGASAKI_Utsushiomi_2020_kit.a(UART_1_SPI_UART.o)
 .debug_line    0x00001cb6      0x163 .\CortexM0\ARM_GCC_541\Debug\CHIGASAKI_Utsushiomi_2020_kit.a(UART_1_UART.o)
 .debug_line    0x00001e19       0x69 .\CortexM0\ARM_GCC_541\Debug\CHIGASAKI_Utsushiomi_2020_kit.a(CyBootAsmGnu.o)
 .debug_line    0x00001e82      0x1cf C:\Program Files (x86)\Cypress\PSoC Creator\4.3\PSoC Creator\psoc\content\CyComponentLibrary\CyComponentLibrary.cylib\CapSense_CSD_P4_v2_60\PSoC4\Library\CapsenseP4Library_GCC.a(CSD_P4_SmartSense_v2_60.o)

.debug_frame    0x00000000     0x2074
 *(.debug_frame)
 .debug_frame   0x00000000       0x34 .\CortexM0\ARM_GCC_541\Debug\main.o
 .debug_frame   0x00000034      0x108 .\CortexM0\ARM_GCC_541\Debug\cyfitter_cfg.o
 .debug_frame   0x0000013c       0xc8 .\CortexM0\ARM_GCC_541\Debug\Cm0Start.o
 .debug_frame   0x00000204      0x4e4 .\CortexM0\ARM_GCC_541\Debug\CHIGASAKI_Utsushiomi_2020_kit.a(CapSense_CSD.o)
 .debug_frame   0x000006e8      0x450 .\CortexM0\ARM_GCC_541\Debug\CHIGASAKI_Utsushiomi_2020_kit.a(CapSense_CSD_CSHL.o)
 .debug_frame   0x00000b38       0x2c .\CortexM0\ARM_GCC_541\Debug\CHIGASAKI_Utsushiomi_2020_kit.a(CapSense_CSD_INT.o)
 .debug_frame   0x00000b64      0x130 .\CortexM0\ARM_GCC_541\Debug\CHIGASAKI_Utsushiomi_2020_kit.a(CapSense_CSD_SMS.o)
 .debug_frame   0x00000c94      0x52c .\CortexM0\ARM_GCC_541\Debug\CHIGASAKI_Utsushiomi_2020_kit.a(LED_CONTROL.o)
 .debug_frame   0x000011c0       0xa0 .\CortexM0\ARM_GCC_541\Debug\CHIGASAKI_Utsushiomi_2020_kit.a(CapSense_CSD_SampleClk.o)
 .debug_frame   0x00001260       0xa0 .\CortexM0\ARM_GCC_541\Debug\CHIGASAKI_Utsushiomi_2020_kit.a(CapSense_CSD_SenseClk.o)
 .debug_frame   0x00001300      0x588 .\CortexM0\ARM_GCC_541\Debug\CHIGASAKI_Utsushiomi_2020_kit.a(CyLib.o)
 .debug_frame   0x00001888       0xc8 .\CortexM0\ARM_GCC_541\Debug\CHIGASAKI_Utsushiomi_2020_kit.a(Pin.o)
 .debug_frame   0x00001950      0x130 .\CortexM0\ARM_GCC_541\Debug\CHIGASAKI_Utsushiomi_2020_kit.a(UART_1.o)
 .debug_frame   0x00001a80      0x128 .\CortexM0\ARM_GCC_541\Debug\CHIGASAKI_Utsushiomi_2020_kit.a(UART_1_SPI_UART.o)
 .debug_frame   0x00001ba8      0x144 .\CortexM0\ARM_GCC_541\Debug\CHIGASAKI_Utsushiomi_2020_kit.a(UART_1_UART.o)
 .debug_frame   0x00001cec       0xec C:\Program Files (x86)\Cypress\PSoC Creator\4.3\PSoC Creator\psoc\content\CyComponentLibrary\CyComponentLibrary.cylib\CapSense_CSD_P4_v2_60\PSoC4\Library\CapsenseP4Library_GCC.a(CSD_P4_SmartSense_v2_60.o)
 .debug_frame   0x00001dd8       0x20 c:/program files (x86)/cypress/psoc creator/4.3/psoc creator/import/gnu/arm/5.4.1/bin/../lib/gcc/arm-none-eabi/5.4.1/armv6-m\libgcc.a(_udivsi3.o)
 .debug_frame   0x00001df8       0x20 c:/program files (x86)/cypress/psoc creator/4.3/psoc creator/import/gnu/arm/5.4.1/bin/../lib/gcc/arm-none-eabi/5.4.1/armv6-m\libgcc.a(_divsi3.o)
 .debug_frame   0x00001e18       0x2c c:/program files (x86)/cypress/psoc creator/4.3/psoc creator/import/gnu/arm/5.4.1/bin/../lib/gcc/arm-none-eabi/5.4.1/armv6-m\libgcc.a(_fixunsdfsi.o)
 .debug_frame   0x00001e44       0x3c c:/program files (x86)/cypress/psoc creator/4.3/psoc creator/import/gnu/arm/5.4.1/bin/../lib/gcc/arm-none-eabi/5.4.1/armv6-m\libgcc.a(muldf3.o)
 .debug_frame   0x00001e80       0x38 c:/program files (x86)/cypress/psoc creator/4.3/psoc creator/import/gnu/arm/5.4.1/bin/../lib/gcc/arm-none-eabi/5.4.1/armv6-m\libgcc.a(subdf3.o)
 .debug_frame   0x00001eb8       0x2c c:/program files (x86)/cypress/psoc creator/4.3/psoc creator/import/gnu/arm/5.4.1/bin/../lib/gcc/arm-none-eabi/5.4.1/armv6-m\libgcc.a(fixdfsi.o)
 .debug_frame   0x00001ee4       0x2c c:/program files (x86)/cypress/psoc creator/4.3/psoc creator/import/gnu/arm/5.4.1/bin/../lib/gcc/arm-none-eabi/5.4.1/armv6-m\libgcc.a(floatsidf.o)
 .debug_frame   0x00001f10       0x38 c:/program files (x86)/cypress/psoc creator/4.3/psoc creator/import/gnu/arm/5.4.1/bin/../lib/gcc/arm-none-eabi/5.4.1/armv6-m\libgcc.a(eqdf2.o)
 .debug_frame   0x00001f48       0x38 c:/program files (x86)/cypress/psoc creator/4.3/psoc creator/import/gnu/arm/5.4.1/bin/../lib/gcc/arm-none-eabi/5.4.1/armv6-m\libgcc.a(gedf2.o)
 .debug_frame   0x00001f80       0x38 c:/program files (x86)/cypress/psoc creator/4.3/psoc creator/import/gnu/arm/5.4.1/bin/../lib/gcc/arm-none-eabi/5.4.1/armv6-m\libgcc.a(ledf2.o)
 .debug_frame   0x00001fb8       0x20 c:/program files (x86)/cypress/psoc creator/4.3/psoc creator/import/gnu/arm/5.4.1/bin/../lib/gcc/arm-none-eabi/5.4.1/../../../../arm-none-eabi/lib/armv6-m\libg_nano.a(lib_a-errno.o)
 .debug_frame   0x00001fd8       0x28 c:/program files (x86)/cypress/psoc creator/4.3/psoc creator/import/gnu/arm/5.4.1/bin/../lib/gcc/arm-none-eabi/5.4.1/../../../../arm-none-eabi/lib/armv6-m\libg_nano.a(lib_a-exit.o)
 .debug_frame   0x00002000       0x2c c:/program files (x86)/cypress/psoc creator/4.3/psoc creator/import/gnu/arm/5.4.1/bin/../lib/gcc/arm-none-eabi/5.4.1/../../../../arm-none-eabi/lib/armv6-m\libg_nano.a(lib_a-init.o)
 .debug_frame   0x0000202c       0x28 c:/program files (x86)/cypress/psoc creator/4.3/psoc creator/import/gnu/arm/5.4.1/bin/../lib/gcc/arm-none-eabi/5.4.1/../../../../arm-none-eabi/lib/armv6-m\libg_nano.a(lib_a-memcpy-stub.o)
 .debug_frame   0x00002054       0x20 c:/program files (x86)/cypress/psoc creator/4.3/psoc creator/import/gnu/arm/5.4.1/bin/../lib/gcc/arm-none-eabi/5.4.1/../../../../arm-none-eabi/lib/armv6-m\libg_nano.a(lib_a-memset.o)

.debug_str      0x00000000     0x2b2c
 *(.debug_str)
 .debug_str     0x00000000      0x1bc .\CortexM0\ARM_GCC_541\Debug\main.o
                                0x20c (size before relaxing)
 .debug_str     0x000001bc      0x190 .\CortexM0\ARM_GCC_541\Debug\cyfitter_cfg.o
                                0x300 (size before relaxing)
 .debug_str     0x0000034c       0x63 .\CortexM0\ARM_GCC_541\Debug\cymetadata.o
                                0x1e1 (size before relaxing)
 .debug_str     0x000003af      0x120 .\CortexM0\ARM_GCC_541\Debug\Cm0Start.o
                                0x2e7 (size before relaxing)
 .debug_str     0x000004cf      0x8bb .\CortexM0\ARM_GCC_541\Debug\CHIGASAKI_Utsushiomi_2020_kit.a(CapSense_CSD.o)
                                0xa81 (size before relaxing)
 .debug_str     0x00000d8a      0x7be .\CortexM0\ARM_GCC_541\Debug\CHIGASAKI_Utsushiomi_2020_kit.a(CapSense_CSD_CSHL.o)
                                0xaff (size before relaxing)
 .debug_str     0x00001548       0x54 .\CortexM0\ARM_GCC_541\Debug\CHIGASAKI_Utsushiomi_2020_kit.a(CapSense_CSD_INT.o)
                                0x270 (size before relaxing)
 .debug_str     0x0000159c      0x26e .\CortexM0\ARM_GCC_541\Debug\CHIGASAKI_Utsushiomi_2020_kit.a(CapSense_CSD_SMS.o)
                                0x819 (size before relaxing)
 .debug_str     0x0000180a      0x4ec .\CortexM0\ARM_GCC_541\Debug\CHIGASAKI_Utsushiomi_2020_kit.a(LED_CONTROL.o)
                                0x699 (size before relaxing)
 .debug_str     0x00001cf6      0x123 .\CortexM0\ARM_GCC_541\Debug\CHIGASAKI_Utsushiomi_2020_kit.a(CapSense_CSD_SampleClk.o)
                                0x2bc (size before relaxing)
 .debug_str     0x00001e19       0xf5 .\CortexM0\ARM_GCC_541\Debug\CHIGASAKI_Utsushiomi_2020_kit.a(CapSense_CSD_SenseClk.o)
                                0x2b6 (size before relaxing)
 .debug_str     0x00001f0e      0x4b2 .\CortexM0\ARM_GCC_541\Debug\CHIGASAKI_Utsushiomi_2020_kit.a(CyLib.o)
                                0x694 (size before relaxing)
 .debug_str     0x000023c0       0x94 .\CortexM0\ARM_GCC_541\Debug\CHIGASAKI_Utsushiomi_2020_kit.a(Pin.o)
                                0x241 (size before relaxing)
 .debug_str     0x00002454      0x11b .\CortexM0\ARM_GCC_541\Debug\CHIGASAKI_Utsushiomi_2020_kit.a(UART_1.o)
                                0x2c9 (size before relaxing)
 .debug_str     0x0000256f      0x149 .\CortexM0\ARM_GCC_541\Debug\CHIGASAKI_Utsushiomi_2020_kit.a(UART_1_SPI_UART.o)
                                0x2fb (size before relaxing)
 .debug_str     0x000026b8      0x159 .\CortexM0\ARM_GCC_541\Debug\CHIGASAKI_Utsushiomi_2020_kit.a(UART_1_UART.o)
                                0x322 (size before relaxing)
 .debug_str     0x00002811      0x31b C:\Program Files (x86)\Cypress\PSoC Creator\4.3\PSoC Creator\psoc\content\CyComponentLibrary\CyComponentLibrary.cylib\CapSense_CSD_P4_v2_60\PSoC4\Library\CapsenseP4Library_GCC.a(CSD_P4_SmartSense_v2_60.o)
                                0x59d (size before relaxing)

.debug_loc      0x00000000      0x68e
 *(.debug_loc)
 .debug_loc     0x00000000      0x68e C:\Program Files (x86)\Cypress\PSoC Creator\4.3\PSoC Creator\psoc\content\CyComponentLibrary\CyComponentLibrary.cylib\CapSense_CSD_P4_v2_60\PSoC4\Library\CapsenseP4Library_GCC.a(CSD_P4_SmartSense_v2_60.o)

.debug_macinfo
 *(.debug_macinfo)

.debug_ranges   0x00000000      0x7d0
 *(.debug_ranges)
 .debug_ranges  0x00000000       0x10 .\CortexM0\ARM_GCC_541\Debug\main.o
 .debug_ranges  0x00000010       0x48 .\CortexM0\ARM_GCC_541\Debug\cyfitter_cfg.o
 .debug_ranges  0x00000058       0x38 .\CortexM0\ARM_GCC_541\Debug\Cm0Start.o
 .debug_ranges  0x00000090      0x140 .\CortexM0\ARM_GCC_541\Debug\CHIGASAKI_Utsushiomi_2020_kit.a(CapSense_CSD.o)
 .debug_ranges  0x000001d0      0x118 .\CortexM0\ARM_GCC_541\Debug\CHIGASAKI_Utsushiomi_2020_kit.a(CapSense_CSD_CSHL.o)
 .debug_ranges  0x000002e8       0x10 .\CortexM0\ARM_GCC_541\Debug\CHIGASAKI_Utsushiomi_2020_kit.a(CapSense_CSD_INT.o)
 .debug_ranges  0x000002f8       0x50 .\CortexM0\ARM_GCC_541\Debug\CHIGASAKI_Utsushiomi_2020_kit.a(CapSense_CSD_SMS.o)
 .debug_ranges  0x00000348      0x148 .\CortexM0\ARM_GCC_541\Debug\CHIGASAKI_Utsushiomi_2020_kit.a(LED_CONTROL.o)
 .debug_ranges  0x00000490       0x30 .\CortexM0\ARM_GCC_541\Debug\CHIGASAKI_Utsushiomi_2020_kit.a(CapSense_CSD_SampleClk.o)
 .debug_ranges  0x000004c0       0x30 .\CortexM0\ARM_GCC_541\Debug\CHIGASAKI_Utsushiomi_2020_kit.a(CapSense_CSD_SenseClk.o)
 .debug_ranges  0x000004f0      0x170 .\CortexM0\ARM_GCC_541\Debug\CHIGASAKI_Utsushiomi_2020_kit.a(CyLib.o)
 .debug_ranges  0x00000660       0x38 .\CortexM0\ARM_GCC_541\Debug\CHIGASAKI_Utsushiomi_2020_kit.a(Pin.o)
 .debug_ranges  0x00000698       0x58 .\CortexM0\ARM_GCC_541\Debug\CHIGASAKI_Utsushiomi_2020_kit.a(UART_1.o)
 .debug_ranges  0x000006f0       0x50 .\CortexM0\ARM_GCC_541\Debug\CHIGASAKI_Utsushiomi_2020_kit.a(UART_1_SPI_UART.o)
 .debug_ranges  0x00000740       0x58 .\CortexM0\ARM_GCC_541\Debug\CHIGASAKI_Utsushiomi_2020_kit.a(UART_1_UART.o)
 .debug_ranges  0x00000798       0x38 C:\Program Files (x86)\Cypress\PSoC Creator\4.3\PSoC Creator\psoc\content\CyComponentLibrary\CyComponentLibrary.cylib\CapSense_CSD_P4_v2_60\PSoC4\Library\CapsenseP4Library_GCC.a(CSD_P4_SmartSense_v2_60.o)

.comment        0x00000000       0xde
 .comment       0x00000000       0x6e .\CortexM0\ARM_GCC_541\Debug\main.o
                                 0x6f (size before relaxing)
 .comment       0x0000006e       0x6f .\CortexM0\ARM_GCC_541\Debug\cyfitter_cfg.o
 .comment       0x0000006e       0x6f .\CortexM0\ARM_GCC_541\Debug\cymetadata.o
 .comment       0x0000006e       0x6f .\CortexM0\ARM_GCC_541\Debug\Cm0Start.o
 .comment       0x0000006e       0x6f .\CortexM0\ARM_GCC_541\Debug\CHIGASAKI_Utsushiomi_2020_kit.a(CapSense_CSD.o)
 .comment       0x0000006e       0x6f .\CortexM0\ARM_GCC_541\Debug\CHIGASAKI_Utsushiomi_2020_kit.a(CapSense_CSD_CSHL.o)
 .comment       0x0000006e       0x6f .\CortexM0\ARM_GCC_541\Debug\CHIGASAKI_Utsushiomi_2020_kit.a(CapSense_CSD_INT.o)
 .comment       0x0000006e       0x6f .\CortexM0\ARM_GCC_541\Debug\CHIGASAKI_Utsushiomi_2020_kit.a(CapSense_CSD_SMS.o)
 .comment       0x0000006e       0x6f .\CortexM0\ARM_GCC_541\Debug\CHIGASAKI_Utsushiomi_2020_kit.a(LED_CONTROL.o)
 .comment       0x0000006e       0x6f .\CortexM0\ARM_GCC_541\Debug\CHIGASAKI_Utsushiomi_2020_kit.a(CapSense_CSD_SampleClk.o)
 .comment       0x0000006e       0x6f .\CortexM0\ARM_GCC_541\Debug\CHIGASAKI_Utsushiomi_2020_kit.a(CapSense_CSD_SenseClk.o)
 .comment       0x0000006e       0x6f .\CortexM0\ARM_GCC_541\Debug\CHIGASAKI_Utsushiomi_2020_kit.a(CyLib.o)
 .comment       0x0000006e       0x6f .\CortexM0\ARM_GCC_541\Debug\CHIGASAKI_Utsushiomi_2020_kit.a(Pin.o)
 .comment       0x0000006e       0x6f .\CortexM0\ARM_GCC_541\Debug\CHIGASAKI_Utsushiomi_2020_kit.a(UART_1.o)
 .comment       0x0000006e       0x6f .\CortexM0\ARM_GCC_541\Debug\CHIGASAKI_Utsushiomi_2020_kit.a(UART_1_SPI_UART.o)
 .comment       0x0000006e       0x6f .\CortexM0\ARM_GCC_541\Debug\CHIGASAKI_Utsushiomi_2020_kit.a(UART_1_UART.o)
 .comment       0x0000006e       0x70 C:\Program Files (x86)\Cypress\PSoC Creator\4.3\PSoC Creator\psoc\content\CyComponentLibrary\CyComponentLibrary.cylib\CapSense_CSD_P4_v2_60\PSoC4\Library\CapsenseP4Library_GCC.a(CSD_P4_SmartSense_v2_60.o)
                                 0x71 (size before relaxing)

.debug_weaknames
 *(.debug_weaknames)

.debug_funcnames
 *(.debug_funcnames)

.debug_typenames
 *(.debug_typenames)

.debug_varnames
 *(.debug_varnames)

.note.gnu.arm.ident
 *(.note.gnu.arm.ident)

.ARM.attributes
                0x00000000       0x28
 *(.ARM.attributes)
 .ARM.attributes
                0x00000000       0x1e c:/program files (x86)/cypress/psoc creator/4.3/psoc creator/import/gnu/arm/5.4.1/bin/../lib/gcc/arm-none-eabi/5.4.1/armv6-m/crti.o
 .ARM.attributes
                0x0000001e       0x2c c:/program files (x86)/cypress/psoc creator/4.3/psoc creator/import/gnu/arm/5.4.1/bin/../lib/gcc/arm-none-eabi/5.4.1/armv6-m/crtbegin.o
 .ARM.attributes
                0x0000004a       0x1b c:/program files (x86)/cypress/psoc creator/4.3/psoc creator/import/gnu/arm/5.4.1/bin/../lib/gcc/arm-none-eabi/5.4.1/../../../../arm-none-eabi/lib/armv6-m/crt0.o
 .ARM.attributes
                0x00000065       0x31 .\CortexM0\ARM_GCC_541\Debug\main.o
 .ARM.attributes
                0x00000096       0x31 .\CortexM0\ARM_GCC_541\Debug\cyfitter_cfg.o
 .ARM.attributes
                0x000000c7       0x31 .\CortexM0\ARM_GCC_541\Debug\cymetadata.o
 .ARM.attributes
                0x000000f8       0x31 .\CortexM0\ARM_GCC_541\Debug\Cm0Start.o
 .ARM.attributes
                0x00000129       0x31 .\CortexM0\ARM_GCC_541\Debug\CHIGASAKI_Utsushiomi_2020_kit.a(CapSense_CSD.o)
 .ARM.attributes
                0x0000015a       0x31 .\CortexM0\ARM_GCC_541\Debug\CHIGASAKI_Utsushiomi_2020_kit.a(CapSense_CSD_CSHL.o)
 .ARM.attributes
                0x0000018b       0x31 .\CortexM0\ARM_GCC_541\Debug\CHIGASAKI_Utsushiomi_2020_kit.a(CapSense_CSD_INT.o)
 .ARM.attributes
                0x000001bc       0x31 .\CortexM0\ARM_GCC_541\Debug\CHIGASAKI_Utsushiomi_2020_kit.a(CapSense_CSD_SMS.o)
 .ARM.attributes
                0x000001ed       0x31 .\CortexM0\ARM_GCC_541\Debug\CHIGASAKI_Utsushiomi_2020_kit.a(LED_CONTROL.o)
 .ARM.attributes
                0x0000021e       0x31 .\CortexM0\ARM_GCC_541\Debug\CHIGASAKI_Utsushiomi_2020_kit.a(CapSense_CSD_SampleClk.o)
 .ARM.attributes
                0x0000024f       0x31 .\CortexM0\ARM_GCC_541\Debug\CHIGASAKI_Utsushiomi_2020_kit.a(CapSense_CSD_SenseClk.o)
 .ARM.attributes
                0x00000280       0x31 .\CortexM0\ARM_GCC_541\Debug\CHIGASAKI_Utsushiomi_2020_kit.a(CyLib.o)
 .ARM.attributes
                0x000002b1       0x31 .\CortexM0\ARM_GCC_541\Debug\CHIGASAKI_Utsushiomi_2020_kit.a(Pin.o)
 .ARM.attributes
                0x000002e2       0x31 .\CortexM0\ARM_GCC_541\Debug\CHIGASAKI_Utsushiomi_2020_kit.a(UART_1.o)
 .ARM.attributes
                0x00000313       0x31 .\CortexM0\ARM_GCC_541\Debug\CHIGASAKI_Utsushiomi_2020_kit.a(UART_1_SPI_UART.o)
 .ARM.attributes
                0x00000344       0x31 .\CortexM0\ARM_GCC_541\Debug\CHIGASAKI_Utsushiomi_2020_kit.a(UART_1_UART.o)
 .ARM.attributes
                0x00000375       0x21 .\CortexM0\ARM_GCC_541\Debug\CHIGASAKI_Utsushiomi_2020_kit.a(CyBootAsmGnu.o)
 .ARM.attributes
                0x00000396       0x31 C:\Program Files (x86)\Cypress\PSoC Creator\4.3\PSoC Creator\psoc\content\CyComponentLibrary\CyComponentLibrary.cylib\CapSense_CSD_P4_v2_60\PSoC4\Library\CapsenseP4Library_GCC.a(CSD_P4_SmartSense_v2_60.o)
 .ARM.attributes
                0x000003c7       0x1e c:/program files (x86)/cypress/psoc creator/4.3/psoc creator/import/gnu/arm/5.4.1/bin/../lib/gcc/arm-none-eabi/5.4.1/armv6-m\libgcc.a(_udivsi3.o)
 .ARM.attributes
                0x000003e5       0x1e c:/program files (x86)/cypress/psoc creator/4.3/psoc creator/import/gnu/arm/5.4.1/bin/../lib/gcc/arm-none-eabi/5.4.1/armv6-m\libgcc.a(_divsi3.o)
 .ARM.attributes
                0x00000403       0x1e c:/program files (x86)/cypress/psoc creator/4.3/psoc creator/import/gnu/arm/5.4.1/bin/../lib/gcc/arm-none-eabi/5.4.1/armv6-m\libgcc.a(_dvmd_tls.o)
 .ARM.attributes
                0x00000421       0x2c c:/program files (x86)/cypress/psoc creator/4.3/psoc creator/import/gnu/arm/5.4.1/bin/../lib/gcc/arm-none-eabi/5.4.1/armv6-m\libgcc.a(_fixunsdfsi.o)
 .ARM.attributes
                0x0000044d       0x2c c:/program files (x86)/cypress/psoc creator/4.3/psoc creator/import/gnu/arm/5.4.1/bin/../lib/gcc/arm-none-eabi/5.4.1/armv6-m\libgcc.a(muldf3.o)
 .ARM.attributes
                0x00000479       0x2c c:/program files (x86)/cypress/psoc creator/4.3/psoc creator/import/gnu/arm/5.4.1/bin/../lib/gcc/arm-none-eabi/5.4.1/armv6-m\libgcc.a(subdf3.o)
 .ARM.attributes
                0x000004a5       0x2c c:/program files (x86)/cypress/psoc creator/4.3/psoc creator/import/gnu/arm/5.4.1/bin/../lib/gcc/arm-none-eabi/5.4.1/armv6-m\libgcc.a(fixdfsi.o)
 .ARM.attributes
                0x000004d1       0x2c c:/program files (x86)/cypress/psoc creator/4.3/psoc creator/import/gnu/arm/5.4.1/bin/../lib/gcc/arm-none-eabi/5.4.1/armv6-m\libgcc.a(floatsidf.o)
 .ARM.attributes
                0x000004fd       0x1e c:/program files (x86)/cypress/psoc creator/4.3/psoc creator/import/gnu/arm/5.4.1/bin/../lib/gcc/arm-none-eabi/5.4.1/armv6-m\libgcc.a(_arm_cmpdf2.o)
 .ARM.attributes
                0x0000051b       0x1e c:/program files (x86)/cypress/psoc creator/4.3/psoc creator/import/gnu/arm/5.4.1/bin/../lib/gcc/arm-none-eabi/5.4.1/armv6-m\libgcc.a(_clzsi2.o)
 .ARM.attributes
                0x00000539       0x2c c:/program files (x86)/cypress/psoc creator/4.3/psoc creator/import/gnu/arm/5.4.1/bin/../lib/gcc/arm-none-eabi/5.4.1/armv6-m\libgcc.a(eqdf2.o)
 .ARM.attributes
                0x00000565       0x2c c:/program files (x86)/cypress/psoc creator/4.3/psoc creator/import/gnu/arm/5.4.1/bin/../lib/gcc/arm-none-eabi/5.4.1/armv6-m\libgcc.a(gedf2.o)
 .ARM.attributes
                0x00000591       0x2c c:/program files (x86)/cypress/psoc creator/4.3/psoc creator/import/gnu/arm/5.4.1/bin/../lib/gcc/arm-none-eabi/5.4.1/armv6-m\libgcc.a(ledf2.o)
 .ARM.attributes
                0x000005bd       0x2c c:/program files (x86)/cypress/psoc creator/4.3/psoc creator/import/gnu/arm/5.4.1/bin/../lib/gcc/arm-none-eabi/5.4.1/../../../../arm-none-eabi/lib/armv6-m\libg_nano.a(lib_a-errno.o)
 .ARM.attributes
                0x000005e9       0x2c c:/program files (x86)/cypress/psoc creator/4.3/psoc creator/import/gnu/arm/5.4.1/bin/../lib/gcc/arm-none-eabi/5.4.1/../../../../arm-none-eabi/lib/armv6-m\libg_nano.a(lib_a-exit.o)
 .ARM.attributes
                0x00000615       0x2c c:/program files (x86)/cypress/psoc creator/4.3/psoc creator/import/gnu/arm/5.4.1/bin/../lib/gcc/arm-none-eabi/5.4.1/../../../../arm-none-eabi/lib/armv6-m\libg_nano.a(lib_a-impure.o)
 .ARM.attributes
                0x00000641       0x2c c:/program files (x86)/cypress/psoc creator/4.3/psoc creator/import/gnu/arm/5.4.1/bin/../lib/gcc/arm-none-eabi/5.4.1/../../../../arm-none-eabi/lib/armv6-m\libg_nano.a(lib_a-init.o)
 .ARM.attributes
                0x0000066d       0x2c c:/program files (x86)/cypress/psoc creator/4.3/psoc creator/import/gnu/arm/5.4.1/bin/../lib/gcc/arm-none-eabi/5.4.1/../../../../arm-none-eabi/lib/armv6-m\libg_nano.a(lib_a-memcpy-stub.o)
 .ARM.attributes
                0x00000699       0x2c c:/program files (x86)/cypress/psoc creator/4.3/psoc creator/import/gnu/arm/5.4.1/bin/../lib/gcc/arm-none-eabi/5.4.1/../../../../arm-none-eabi/lib/armv6-m\libg_nano.a(lib_a-memset.o)
 .ARM.attributes
                0x000006c5       0x2c c:/program files (x86)/cypress/psoc creator/4.3/psoc creator/import/gnu/arm/5.4.1/bin/../lib/gcc/arm-none-eabi/5.4.1/armv6-m/crtend.o
 .ARM.attributes
                0x000006f1       0x1e c:/program files (x86)/cypress/psoc creator/4.3/psoc creator/import/gnu/arm/5.4.1/bin/../lib/gcc/arm-none-eabi/5.4.1/armv6-m/crtn.o

/DISCARD/
 *(.note.GNU-stack)
OUTPUT(C:\Users\SHOZO\Documents\GitHub\utsushiomi\PSoC4\CHIGASAKI_Utsushiomi_2020_kit.cydsn\CortexM0\ARM_GCC_541\Debug\CHIGASAKI_Utsushiomi_2020_kit.elf elf32-littlearm)
